

================================================================
== Vivado HLS Report for 'hw_conv'
================================================================
* Date:           Sat Apr 17 18:15:59 2021

* Version:        2018.3 (Build 2405991 on Thu Dec 06 23:56:15 MST 2018)
* Project:        Lab_5
* Solution:       solution1
* Product family: zynq
* Target device:  xc7z020clg400-1


================================================================
== Performance Estimates
================================================================
+ Timing (ns): 
    * Summary: 
    +--------+-------+----------+------------+
    |  Clock | Target| Estimated| Uncertainty|
    +--------+-------+----------+------------+
    |ap_clk  |  10.00|     6.808|        1.25|
    +--------+-------+----------+------------+

+ Latency (clock cycles): 
    * Summary: 
    +-----------+-----------+-----------+-----------+---------+
    |        Latency        |        Interval       | Pipeline|
    |    min    |    max    |    min    |    max    |   Type  |
    +-----------+-----------+-----------+-----------+---------+
    |  134217728|  134217728|  134217728|  134217728|   none  |
    +-----------+-----------+-----------+-----------+---------+

    + Detail: 
        * Instance: 
        N/A

        * Loop: 
        +----------+-----------+-----------+----------+-----------+-----------+--------+----------+
        |          |        Latency        | Iteration|  Initiation Interval  |  Trip  |          |
        | Loop Name|    min    |    max    |  Latency |  achieved |   target  |  Count | Pipelined|
        +----------+-----------+-----------+----------+-----------+-----------+--------+----------+
        |- Loop 1  |  134217727|  134217727|       511|          -|          -|  262657|    no    |
        +----------+-----------+-----------+----------+-----------+-----------+--------+----------+



================================================================
== Utilization Estimates
================================================================
* Summary: 
+-----------------+---------+-------+--------+-------+
|       Name      | BRAM_18K| DSP48E|   FF   |  LUT  |
+-----------------+---------+-------+--------+-------+
|DSP              |        -|      -|       -|      -|
|Expression       |        -|      -|       0|    229|
|FIFO             |        -|      -|       -|      -|
|Instance         |        -|      -|       -|      -|
|Memory           |        2|      -|       0|      0|
|Multiplexer      |        -|      -|       -|  13275|
|Register         |        -|      -|    8868|      -|
+-----------------+---------+-------+--------+-------+
|Total            |        2|      0|    8868|  13504|
+-----------------+---------+-------+--------+-------+
|Available        |      280|    220|  106400|  53200|
+-----------------+---------+-------+--------+-------+
|Utilization (%)  |    ~0   |      0|       8|     25|
+-----------------+---------+-------+--------+-------+

+ Detail: 
    * Instance: 
    N/A

    * DSP48: 
    N/A

    * Memory: 
    +----------+----------------+---------+---+----+------+-----+------+-------------+
    |  Memory  |     Module     | BRAM_18K| FF| LUT| Words| Bits| Banks| W*Bits*Banks|
    +----------+----------------+---------+---+----+------+-----+------+-------------+
    |lbuf_0_U  |hw_conv_lbuf_0  |        1|  0|   0|   509|    8|     1|         4072|
    |lbuf_1_U  |hw_conv_lbuf_0  |        1|  0|   0|   509|    8|     1|         4072|
    +----------+----------------+---------+---+----+------+-----+------+-------------+
    |Total     |                |        2|  0|   0|  1018|   16|     2|         8144|
    +----------+----------------+---------+---+----+------+-----+------+-------------+

    * FIFO: 
    N/A

    * Expression: 
    +--------------------------------+----------+-------+---+----+------------+------------+
    |          Variable Name         | Operation| DSP48E| FF| LUT| Bitwidth P0| Bitwidth P1|
    +--------------------------------+----------+-------+---+----+------------+------------+
    |i_1_fu_9429_p2                  |     +    |      0|  0|  26|          19|           1|
    |result_3_2_2_fu_9614_p2         |     +    |      0|  0|  12|          12|          12|
    |tmp1_fu_9605_p2                 |     +    |      0|  0|  12|          12|          12|
    |tmp2_fu_9582_p2                 |     +    |      0|  0|  13|          11|          11|
    |tmp3_fu_9588_p2                 |     +    |      0|  0|  14|          10|          10|
    |tmp4_fu_9520_p2                 |     +    |      0|  0|  13|          11|          11|
    |tmp5_fu_9490_p2                 |     +    |      0|  0|  14|          10|          10|
    |tmp6_fu_9510_p2                 |     +    |      0|  0|  14|          10|          10|
    |tmp7_fu_9500_p2                 |     +    |      0|  0|  15|           9|           9|
    |ap_block_state511_io            |    and   |      0|  0|   2|           1|           1|
    |ap_block_state512_io            |    and   |      0|  0|   2|           1|           1|
    |sin_V_data_V_0_load_A           |    and   |      0|  0|   2|           1|           1|
    |sin_V_data_V_0_load_B           |    and   |      0|  0|   2|           1|           1|
    |sout_V_data_V_1_load_A          |    and   |      0|  0|   2|           1|           1|
    |sout_V_data_V_1_load_B          |    and   |      0|  0|   2|           1|           1|
    |sout_V_last_V_1_load_A          |    and   |      0|  0|   2|           1|           1|
    |sout_V_last_V_1_load_B          |    and   |      0|  0|   2|           1|           1|
    |exitcond1_fu_9423_p2            |   icmp   |      0|  0|  18|          19|          19|
    |sin_V_data_V_0_state_cmp_full   |   icmp   |      0|  0|   8|           2|           1|
    |sout_V_data_V_1_state_cmp_full  |   icmp   |      0|  0|   8|           2|           1|
    |sout_V_last_V_1_state_cmp_full  |   icmp   |      0|  0|   8|           2|           1|
    |tmp_3_fu_9630_p2                |   icmp   |      0|  0|  18|          19|          10|
    |tmp_last_V_fu_9636_p2           |   icmp   |      0|  0|  18|          19|          19|
    |ap_block_state2                 |    or    |      0|  0|   2|           1|           1|
    +--------------------------------+----------+-------+---+----+------------+------------+
    |Total                           |          |      0|  0| 229|         176|         146|
    +--------------------------------+----------+-------+---+----+------------+------------+

    * Multiplexer: 
    +--------------------------+------+-----------+-----+-----------+
    |           Name           |  LUT | Input Size| Bits| Total Bits|
    +--------------------------+------+-----------+-----+-----------+
    |ap_NS_fsm                 |  2193|        513|    1|        513|
    |i_reg_9370                |     9|          2|   19|         38|
    |lbuf_0_address0           |  1089|        256|    9|       2304|
    |lbuf_0_address1           |  1089|        256|    9|       2304|
    |lbuf_0_d0                 |  1089|        256|    8|       2048|
    |lbuf_0_d1                 |  1085|        255|    8|       2040|
    |lbuf_1_address0           |  2185|        510|    9|       4590|
    |lbuf_1_address1           |  2181|        509|    9|       4581|
    |lbuf_1_d0                 |  1085|        255|    8|       2040|
    |lbuf_1_d1                 |  1081|        254|    8|       2032|
    |reg_9391                  |     9|          2|    8|         16|
    |sin_TDATA_blk_n           |     9|          2|    1|          2|
    |sin_V_data_V_0_data_out   |     9|          2|    8|         16|
    |sin_V_data_V_0_state      |    15|          3|    2|          6|
    |sin_V_dest_V_0_state      |    15|          3|    2|          6|
    |sout_TDATA_blk_n          |     9|          2|    1|          2|
    |sout_V_data_V_1_data_out  |     9|          2|    8|         16|
    |sout_V_data_V_1_state     |    15|          3|    2|          6|
    |sout_V_dest_V_1_state     |    15|          3|    2|          6|
    |sout_V_id_V_1_state       |    15|          3|    2|          6|
    |sout_V_keep_V_1_state     |    15|          3|    2|          6|
    |sout_V_last_V_1_data_out  |     9|          2|    1|          2|
    |sout_V_last_V_1_state     |    15|          3|    2|          6|
    |sout_V_strb_V_1_state     |    15|          3|    2|          6|
    |sout_V_user_V_1_state     |    15|          3|    2|          6|
    +--------------------------+------+-----------+-----+-----------+
    |Total                     | 13275|       3105|  133|      22598|
    +--------------------------+------+-----------+-----+-----------+

    * Register: 
    +---------------------------+-----+----+-----+-----------+
    |            Name           |  FF | LUT| Bits| Const Bits|
    +---------------------------+-----+----+-----+-----------+
    |ap_CS_fsm                  |  512|   0|  512|          0|
    |i_1_reg_15322              |   19|   0|   19|          0|
    |i_reg_9370                 |   19|   0|   19|          0|
    |kbuf_0_0_fu_1116           |    8|   0|    8|          0|
    |kbuf_0_0_load_reg_15294    |    8|   0|    8|          0|
    |kbuf_0_1_fu_1120           |    8|   0|    8|          0|
    |kbuf_1_0_fu_1128           |    8|   0|    8|          0|
    |kbuf_1_0_load_5_reg_15304  |    8|   0|    8|          0|
    |kbuf_1_0_load_reg_15299    |    8|   0|    8|          0|
    |kbuf_1_0_s_fu_1124         |    8|   0|    8|          0|
    |kbuf_1_1_fu_1132           |    8|   0|    8|          0|
    |kbuf_2_0_fu_1140           |    8|   0|    8|          0|
    |kbuf_2_0_load_6_reg_15314  |    8|   0|    8|          0|
    |kbuf_2_0_load_reg_15309    |    8|   0|    8|          0|
    |kbuf_2_0_s_fu_1136         |    8|   0|    8|          0|
    |kbuf_2_1_fu_1112           |    8|   0|    8|          0|
    |kbuf_2_1_load_1_reg_15327  |    8|   0|    8|          0|
    |lbuf_0_load_100_reg_16322  |    8|   0|    8|          0|
    |lbuf_0_load_101_reg_16337  |    8|   0|    8|          0|
    |lbuf_0_load_102_reg_16342  |    8|   0|    8|          0|
    |lbuf_0_load_103_reg_16357  |    8|   0|    8|          0|
    |lbuf_0_load_104_reg_16362  |    8|   0|    8|          0|
    |lbuf_0_load_105_reg_16377  |    8|   0|    8|          0|
    |lbuf_0_load_106_reg_16382  |    8|   0|    8|          0|
    |lbuf_0_load_107_reg_16397  |    8|   0|    8|          0|
    |lbuf_0_load_108_reg_16402  |    8|   0|    8|          0|
    |lbuf_0_load_109_reg_16417  |    8|   0|    8|          0|
    |lbuf_0_load_10_reg_15422   |    8|   0|    8|          0|
    |lbuf_0_load_110_reg_16422  |    8|   0|    8|          0|
    |lbuf_0_load_111_reg_16437  |    8|   0|    8|          0|
    |lbuf_0_load_112_reg_16442  |    8|   0|    8|          0|
    |lbuf_0_load_113_reg_16457  |    8|   0|    8|          0|
    |lbuf_0_load_114_reg_16462  |    8|   0|    8|          0|
    |lbuf_0_load_115_reg_16477  |    8|   0|    8|          0|
    |lbuf_0_load_116_reg_16482  |    8|   0|    8|          0|
    |lbuf_0_load_117_reg_16497  |    8|   0|    8|          0|
    |lbuf_0_load_118_reg_16502  |    8|   0|    8|          0|
    |lbuf_0_load_119_reg_16517  |    8|   0|    8|          0|
    |lbuf_0_load_11_reg_15437   |    8|   0|    8|          0|
    |lbuf_0_load_120_reg_16522  |    8|   0|    8|          0|
    |lbuf_0_load_121_reg_16537  |    8|   0|    8|          0|
    |lbuf_0_load_122_reg_16542  |    8|   0|    8|          0|
    |lbuf_0_load_123_reg_16557  |    8|   0|    8|          0|
    |lbuf_0_load_124_reg_16562  |    8|   0|    8|          0|
    |lbuf_0_load_125_reg_16577  |    8|   0|    8|          0|
    |lbuf_0_load_126_reg_16582  |    8|   0|    8|          0|
    |lbuf_0_load_127_reg_16597  |    8|   0|    8|          0|
    |lbuf_0_load_128_reg_16602  |    8|   0|    8|          0|
    |lbuf_0_load_129_reg_16617  |    8|   0|    8|          0|
    |lbuf_0_load_12_reg_15442   |    8|   0|    8|          0|
    |lbuf_0_load_130_reg_16622  |    8|   0|    8|          0|
    |lbuf_0_load_131_reg_16637  |    8|   0|    8|          0|
    |lbuf_0_load_132_reg_16642  |    8|   0|    8|          0|
    |lbuf_0_load_133_reg_16657  |    8|   0|    8|          0|
    |lbuf_0_load_134_reg_16662  |    8|   0|    8|          0|
    |lbuf_0_load_135_reg_16677  |    8|   0|    8|          0|
    |lbuf_0_load_136_reg_16682  |    8|   0|    8|          0|
    |lbuf_0_load_137_reg_16697  |    8|   0|    8|          0|
    |lbuf_0_load_138_reg_16702  |    8|   0|    8|          0|
    |lbuf_0_load_139_reg_16717  |    8|   0|    8|          0|
    |lbuf_0_load_13_reg_15457   |    8|   0|    8|          0|
    |lbuf_0_load_140_reg_16722  |    8|   0|    8|          0|
    |lbuf_0_load_141_reg_16737  |    8|   0|    8|          0|
    |lbuf_0_load_142_reg_16742  |    8|   0|    8|          0|
    |lbuf_0_load_143_reg_16757  |    8|   0|    8|          0|
    |lbuf_0_load_144_reg_16762  |    8|   0|    8|          0|
    |lbuf_0_load_145_reg_16777  |    8|   0|    8|          0|
    |lbuf_0_load_146_reg_16782  |    8|   0|    8|          0|
    |lbuf_0_load_147_reg_16797  |    8|   0|    8|          0|
    |lbuf_0_load_148_reg_16802  |    8|   0|    8|          0|
    |lbuf_0_load_149_reg_16817  |    8|   0|    8|          0|
    |lbuf_0_load_14_reg_15462   |    8|   0|    8|          0|
    |lbuf_0_load_150_reg_16822  |    8|   0|    8|          0|
    |lbuf_0_load_151_reg_16837  |    8|   0|    8|          0|
    |lbuf_0_load_152_reg_16842  |    8|   0|    8|          0|
    |lbuf_0_load_153_reg_16857  |    8|   0|    8|          0|
    |lbuf_0_load_154_reg_16862  |    8|   0|    8|          0|
    |lbuf_0_load_155_reg_16877  |    8|   0|    8|          0|
    |lbuf_0_load_156_reg_16882  |    8|   0|    8|          0|
    |lbuf_0_load_157_reg_16897  |    8|   0|    8|          0|
    |lbuf_0_load_158_reg_16902  |    8|   0|    8|          0|
    |lbuf_0_load_159_reg_16917  |    8|   0|    8|          0|
    |lbuf_0_load_15_reg_15477   |    8|   0|    8|          0|
    |lbuf_0_load_160_reg_16922  |    8|   0|    8|          0|
    |lbuf_0_load_161_reg_16937  |    8|   0|    8|          0|
    |lbuf_0_load_162_reg_16942  |    8|   0|    8|          0|
    |lbuf_0_load_163_reg_16957  |    8|   0|    8|          0|
    |lbuf_0_load_164_reg_16962  |    8|   0|    8|          0|
    |lbuf_0_load_165_reg_16977  |    8|   0|    8|          0|
    |lbuf_0_load_166_reg_16982  |    8|   0|    8|          0|
    |lbuf_0_load_167_reg_16997  |    8|   0|    8|          0|
    |lbuf_0_load_168_reg_17002  |    8|   0|    8|          0|
    |lbuf_0_load_169_reg_17017  |    8|   0|    8|          0|
    |lbuf_0_load_16_reg_15482   |    8|   0|    8|          0|
    |lbuf_0_load_170_reg_17022  |    8|   0|    8|          0|
    |lbuf_0_load_171_reg_17037  |    8|   0|    8|          0|
    |lbuf_0_load_172_reg_17042  |    8|   0|    8|          0|
    |lbuf_0_load_173_reg_17057  |    8|   0|    8|          0|
    |lbuf_0_load_174_reg_17062  |    8|   0|    8|          0|
    |lbuf_0_load_175_reg_17077  |    8|   0|    8|          0|
    |lbuf_0_load_176_reg_17082  |    8|   0|    8|          0|
    |lbuf_0_load_177_reg_17097  |    8|   0|    8|          0|
    |lbuf_0_load_178_reg_17102  |    8|   0|    8|          0|
    |lbuf_0_load_179_reg_17117  |    8|   0|    8|          0|
    |lbuf_0_load_17_reg_15497   |    8|   0|    8|          0|
    |lbuf_0_load_180_reg_17122  |    8|   0|    8|          0|
    |lbuf_0_load_181_reg_17137  |    8|   0|    8|          0|
    |lbuf_0_load_182_reg_17142  |    8|   0|    8|          0|
    |lbuf_0_load_183_reg_17157  |    8|   0|    8|          0|
    |lbuf_0_load_184_reg_17162  |    8|   0|    8|          0|
    |lbuf_0_load_185_reg_17177  |    8|   0|    8|          0|
    |lbuf_0_load_186_reg_17182  |    8|   0|    8|          0|
    |lbuf_0_load_187_reg_17197  |    8|   0|    8|          0|
    |lbuf_0_load_188_reg_17202  |    8|   0|    8|          0|
    |lbuf_0_load_189_reg_17217  |    8|   0|    8|          0|
    |lbuf_0_load_18_reg_15502   |    8|   0|    8|          0|
    |lbuf_0_load_190_reg_17222  |    8|   0|    8|          0|
    |lbuf_0_load_191_reg_17237  |    8|   0|    8|          0|
    |lbuf_0_load_192_reg_17242  |    8|   0|    8|          0|
    |lbuf_0_load_193_reg_17257  |    8|   0|    8|          0|
    |lbuf_0_load_194_reg_17262  |    8|   0|    8|          0|
    |lbuf_0_load_195_reg_17277  |    8|   0|    8|          0|
    |lbuf_0_load_196_reg_17282  |    8|   0|    8|          0|
    |lbuf_0_load_197_reg_17297  |    8|   0|    8|          0|
    |lbuf_0_load_198_reg_17302  |    8|   0|    8|          0|
    |lbuf_0_load_199_reg_17317  |    8|   0|    8|          0|
    |lbuf_0_load_19_reg_15517   |    8|   0|    8|          0|
    |lbuf_0_load_1_reg_15337    |    8|   0|    8|          0|
    |lbuf_0_load_200_reg_17322  |    8|   0|    8|          0|
    |lbuf_0_load_201_reg_17337  |    8|   0|    8|          0|
    |lbuf_0_load_202_reg_17342  |    8|   0|    8|          0|
    |lbuf_0_load_203_reg_17357  |    8|   0|    8|          0|
    |lbuf_0_load_204_reg_17362  |    8|   0|    8|          0|
    |lbuf_0_load_205_reg_17377  |    8|   0|    8|          0|
    |lbuf_0_load_206_reg_17382  |    8|   0|    8|          0|
    |lbuf_0_load_207_reg_17397  |    8|   0|    8|          0|
    |lbuf_0_load_208_reg_17402  |    8|   0|    8|          0|
    |lbuf_0_load_209_reg_17417  |    8|   0|    8|          0|
    |lbuf_0_load_20_reg_15522   |    8|   0|    8|          0|
    |lbuf_0_load_210_reg_17422  |    8|   0|    8|          0|
    |lbuf_0_load_211_reg_17437  |    8|   0|    8|          0|
    |lbuf_0_load_212_reg_17442  |    8|   0|    8|          0|
    |lbuf_0_load_213_reg_17457  |    8|   0|    8|          0|
    |lbuf_0_load_214_reg_17462  |    8|   0|    8|          0|
    |lbuf_0_load_215_reg_17477  |    8|   0|    8|          0|
    |lbuf_0_load_216_reg_17482  |    8|   0|    8|          0|
    |lbuf_0_load_217_reg_17497  |    8|   0|    8|          0|
    |lbuf_0_load_218_reg_17502  |    8|   0|    8|          0|
    |lbuf_0_load_219_reg_17517  |    8|   0|    8|          0|
    |lbuf_0_load_21_reg_15537   |    8|   0|    8|          0|
    |lbuf_0_load_220_reg_17522  |    8|   0|    8|          0|
    |lbuf_0_load_221_reg_17537  |    8|   0|    8|          0|
    |lbuf_0_load_222_reg_17542  |    8|   0|    8|          0|
    |lbuf_0_load_223_reg_17557  |    8|   0|    8|          0|
    |lbuf_0_load_224_reg_17562  |    8|   0|    8|          0|
    |lbuf_0_load_225_reg_17577  |    8|   0|    8|          0|
    |lbuf_0_load_226_reg_17582  |    8|   0|    8|          0|
    |lbuf_0_load_227_reg_17597  |    8|   0|    8|          0|
    |lbuf_0_load_228_reg_17602  |    8|   0|    8|          0|
    |lbuf_0_load_229_reg_17617  |    8|   0|    8|          0|
    |lbuf_0_load_22_reg_15542   |    8|   0|    8|          0|
    |lbuf_0_load_230_reg_17622  |    8|   0|    8|          0|
    |lbuf_0_load_231_reg_17637  |    8|   0|    8|          0|
    |lbuf_0_load_232_reg_17642  |    8|   0|    8|          0|
    |lbuf_0_load_233_reg_17657  |    8|   0|    8|          0|
    |lbuf_0_load_234_reg_17662  |    8|   0|    8|          0|
    |lbuf_0_load_235_reg_17677  |    8|   0|    8|          0|
    |lbuf_0_load_236_reg_17682  |    8|   0|    8|          0|
    |lbuf_0_load_237_reg_17697  |    8|   0|    8|          0|
    |lbuf_0_load_238_reg_17702  |    8|   0|    8|          0|
    |lbuf_0_load_239_reg_17717  |    8|   0|    8|          0|
    |lbuf_0_load_23_reg_15557   |    8|   0|    8|          0|
    |lbuf_0_load_240_reg_17722  |    8|   0|    8|          0|
    |lbuf_0_load_241_reg_17737  |    8|   0|    8|          0|
    |lbuf_0_load_242_reg_17742  |    8|   0|    8|          0|
    |lbuf_0_load_243_reg_17757  |    8|   0|    8|          0|
    |lbuf_0_load_244_reg_17762  |    8|   0|    8|          0|
    |lbuf_0_load_245_reg_17777  |    8|   0|    8|          0|
    |lbuf_0_load_246_reg_17782  |    8|   0|    8|          0|
    |lbuf_0_load_247_reg_17797  |    8|   0|    8|          0|
    |lbuf_0_load_248_reg_17802  |    8|   0|    8|          0|
    |lbuf_0_load_249_reg_17817  |    8|   0|    8|          0|
    |lbuf_0_load_24_reg_15562   |    8|   0|    8|          0|
    |lbuf_0_load_250_reg_17822  |    8|   0|    8|          0|
    |lbuf_0_load_251_reg_17837  |    8|   0|    8|          0|
    |lbuf_0_load_252_reg_17842  |    8|   0|    8|          0|
    |lbuf_0_load_253_reg_17857  |    8|   0|    8|          0|
    |lbuf_0_load_254_reg_17862  |    8|   0|    8|          0|
    |lbuf_0_load_255_reg_17877  |    8|   0|    8|          0|
    |lbuf_0_load_256_reg_17882  |    8|   0|    8|          0|
    |lbuf_0_load_257_reg_17897  |    8|   0|    8|          0|
    |lbuf_0_load_258_reg_17902  |    8|   0|    8|          0|
    |lbuf_0_load_259_reg_17917  |    8|   0|    8|          0|
    |lbuf_0_load_25_reg_15577   |    8|   0|    8|          0|
    |lbuf_0_load_260_reg_17922  |    8|   0|    8|          0|
    |lbuf_0_load_261_reg_17937  |    8|   0|    8|          0|
    |lbuf_0_load_262_reg_17942  |    8|   0|    8|          0|
    |lbuf_0_load_263_reg_17957  |    8|   0|    8|          0|
    |lbuf_0_load_264_reg_17962  |    8|   0|    8|          0|
    |lbuf_0_load_265_reg_17977  |    8|   0|    8|          0|
    |lbuf_0_load_266_reg_17982  |    8|   0|    8|          0|
    |lbuf_0_load_267_reg_17997  |    8|   0|    8|          0|
    |lbuf_0_load_268_reg_18002  |    8|   0|    8|          0|
    |lbuf_0_load_269_reg_18017  |    8|   0|    8|          0|
    |lbuf_0_load_26_reg_15582   |    8|   0|    8|          0|
    |lbuf_0_load_270_reg_18022  |    8|   0|    8|          0|
    |lbuf_0_load_271_reg_18037  |    8|   0|    8|          0|
    |lbuf_0_load_272_reg_18042  |    8|   0|    8|          0|
    |lbuf_0_load_273_reg_18057  |    8|   0|    8|          0|
    |lbuf_0_load_274_reg_18062  |    8|   0|    8|          0|
    |lbuf_0_load_275_reg_18077  |    8|   0|    8|          0|
    |lbuf_0_load_276_reg_18082  |    8|   0|    8|          0|
    |lbuf_0_load_277_reg_18097  |    8|   0|    8|          0|
    |lbuf_0_load_278_reg_18102  |    8|   0|    8|          0|
    |lbuf_0_load_279_reg_18117  |    8|   0|    8|          0|
    |lbuf_0_load_27_reg_15597   |    8|   0|    8|          0|
    |lbuf_0_load_280_reg_18122  |    8|   0|    8|          0|
    |lbuf_0_load_281_reg_18137  |    8|   0|    8|          0|
    |lbuf_0_load_282_reg_18142  |    8|   0|    8|          0|
    |lbuf_0_load_283_reg_18157  |    8|   0|    8|          0|
    |lbuf_0_load_284_reg_18162  |    8|   0|    8|          0|
    |lbuf_0_load_285_reg_18177  |    8|   0|    8|          0|
    |lbuf_0_load_286_reg_18182  |    8|   0|    8|          0|
    |lbuf_0_load_287_reg_18197  |    8|   0|    8|          0|
    |lbuf_0_load_288_reg_18202  |    8|   0|    8|          0|
    |lbuf_0_load_289_reg_18217  |    8|   0|    8|          0|
    |lbuf_0_load_28_reg_15602   |    8|   0|    8|          0|
    |lbuf_0_load_290_reg_18222  |    8|   0|    8|          0|
    |lbuf_0_load_291_reg_18237  |    8|   0|    8|          0|
    |lbuf_0_load_292_reg_18242  |    8|   0|    8|          0|
    |lbuf_0_load_293_reg_18257  |    8|   0|    8|          0|
    |lbuf_0_load_294_reg_18262  |    8|   0|    8|          0|
    |lbuf_0_load_295_reg_18277  |    8|   0|    8|          0|
    |lbuf_0_load_296_reg_18282  |    8|   0|    8|          0|
    |lbuf_0_load_297_reg_18297  |    8|   0|    8|          0|
    |lbuf_0_load_298_reg_18302  |    8|   0|    8|          0|
    |lbuf_0_load_299_reg_18317  |    8|   0|    8|          0|
    |lbuf_0_load_29_reg_15617   |    8|   0|    8|          0|
    |lbuf_0_load_2_reg_15342    |    8|   0|    8|          0|
    |lbuf_0_load_300_reg_18322  |    8|   0|    8|          0|
    |lbuf_0_load_301_reg_18337  |    8|   0|    8|          0|
    |lbuf_0_load_302_reg_18342  |    8|   0|    8|          0|
    |lbuf_0_load_303_reg_18357  |    8|   0|    8|          0|
    |lbuf_0_load_304_reg_18362  |    8|   0|    8|          0|
    |lbuf_0_load_305_reg_18377  |    8|   0|    8|          0|
    |lbuf_0_load_306_reg_18382  |    8|   0|    8|          0|
    |lbuf_0_load_307_reg_18397  |    8|   0|    8|          0|
    |lbuf_0_load_308_reg_18402  |    8|   0|    8|          0|
    |lbuf_0_load_309_reg_18417  |    8|   0|    8|          0|
    |lbuf_0_load_30_reg_15622   |    8|   0|    8|          0|
    |lbuf_0_load_310_reg_18422  |    8|   0|    8|          0|
    |lbuf_0_load_311_reg_18437  |    8|   0|    8|          0|
    |lbuf_0_load_312_reg_18442  |    8|   0|    8|          0|
    |lbuf_0_load_313_reg_18457  |    8|   0|    8|          0|
    |lbuf_0_load_314_reg_18462  |    8|   0|    8|          0|
    |lbuf_0_load_315_reg_18477  |    8|   0|    8|          0|
    |lbuf_0_load_316_reg_18482  |    8|   0|    8|          0|
    |lbuf_0_load_317_reg_18497  |    8|   0|    8|          0|
    |lbuf_0_load_318_reg_18502  |    8|   0|    8|          0|
    |lbuf_0_load_319_reg_18517  |    8|   0|    8|          0|
    |lbuf_0_load_31_reg_15637   |    8|   0|    8|          0|
    |lbuf_0_load_320_reg_18522  |    8|   0|    8|          0|
    |lbuf_0_load_321_reg_18537  |    8|   0|    8|          0|
    |lbuf_0_load_322_reg_18542  |    8|   0|    8|          0|
    |lbuf_0_load_323_reg_18557  |    8|   0|    8|          0|
    |lbuf_0_load_324_reg_18562  |    8|   0|    8|          0|
    |lbuf_0_load_325_reg_18577  |    8|   0|    8|          0|
    |lbuf_0_load_326_reg_18582  |    8|   0|    8|          0|
    |lbuf_0_load_327_reg_18597  |    8|   0|    8|          0|
    |lbuf_0_load_328_reg_18602  |    8|   0|    8|          0|
    |lbuf_0_load_329_reg_18617  |    8|   0|    8|          0|
    |lbuf_0_load_32_reg_15642   |    8|   0|    8|          0|
    |lbuf_0_load_330_reg_18622  |    8|   0|    8|          0|
    |lbuf_0_load_331_reg_18637  |    8|   0|    8|          0|
    |lbuf_0_load_332_reg_18642  |    8|   0|    8|          0|
    |lbuf_0_load_333_reg_18657  |    8|   0|    8|          0|
    |lbuf_0_load_334_reg_18662  |    8|   0|    8|          0|
    |lbuf_0_load_335_reg_18677  |    8|   0|    8|          0|
    |lbuf_0_load_336_reg_18682  |    8|   0|    8|          0|
    |lbuf_0_load_337_reg_18697  |    8|   0|    8|          0|
    |lbuf_0_load_338_reg_18702  |    8|   0|    8|          0|
    |lbuf_0_load_339_reg_18717  |    8|   0|    8|          0|
    |lbuf_0_load_33_reg_15657   |    8|   0|    8|          0|
    |lbuf_0_load_340_reg_18722  |    8|   0|    8|          0|
    |lbuf_0_load_341_reg_18737  |    8|   0|    8|          0|
    |lbuf_0_load_342_reg_18742  |    8|   0|    8|          0|
    |lbuf_0_load_343_reg_18757  |    8|   0|    8|          0|
    |lbuf_0_load_344_reg_18762  |    8|   0|    8|          0|
    |lbuf_0_load_345_reg_18777  |    8|   0|    8|          0|
    |lbuf_0_load_346_reg_18782  |    8|   0|    8|          0|
    |lbuf_0_load_347_reg_18797  |    8|   0|    8|          0|
    |lbuf_0_load_348_reg_18802  |    8|   0|    8|          0|
    |lbuf_0_load_349_reg_18817  |    8|   0|    8|          0|
    |lbuf_0_load_34_reg_15662   |    8|   0|    8|          0|
    |lbuf_0_load_350_reg_18822  |    8|   0|    8|          0|
    |lbuf_0_load_351_reg_18837  |    8|   0|    8|          0|
    |lbuf_0_load_352_reg_18842  |    8|   0|    8|          0|
    |lbuf_0_load_353_reg_18857  |    8|   0|    8|          0|
    |lbuf_0_load_354_reg_18862  |    8|   0|    8|          0|
    |lbuf_0_load_355_reg_18877  |    8|   0|    8|          0|
    |lbuf_0_load_356_reg_18882  |    8|   0|    8|          0|
    |lbuf_0_load_357_reg_18897  |    8|   0|    8|          0|
    |lbuf_0_load_358_reg_18902  |    8|   0|    8|          0|
    |lbuf_0_load_359_reg_18917  |    8|   0|    8|          0|
    |lbuf_0_load_35_reg_15677   |    8|   0|    8|          0|
    |lbuf_0_load_360_reg_18922  |    8|   0|    8|          0|
    |lbuf_0_load_361_reg_18937  |    8|   0|    8|          0|
    |lbuf_0_load_362_reg_18942  |    8|   0|    8|          0|
    |lbuf_0_load_363_reg_18957  |    8|   0|    8|          0|
    |lbuf_0_load_364_reg_18962  |    8|   0|    8|          0|
    |lbuf_0_load_365_reg_18977  |    8|   0|    8|          0|
    |lbuf_0_load_366_reg_18982  |    8|   0|    8|          0|
    |lbuf_0_load_367_reg_18997  |    8|   0|    8|          0|
    |lbuf_0_load_368_reg_19002  |    8|   0|    8|          0|
    |lbuf_0_load_369_reg_19017  |    8|   0|    8|          0|
    |lbuf_0_load_36_reg_15682   |    8|   0|    8|          0|
    |lbuf_0_load_370_reg_19022  |    8|   0|    8|          0|
    |lbuf_0_load_371_reg_19037  |    8|   0|    8|          0|
    |lbuf_0_load_372_reg_19042  |    8|   0|    8|          0|
    |lbuf_0_load_373_reg_19057  |    8|   0|    8|          0|
    |lbuf_0_load_374_reg_19062  |    8|   0|    8|          0|
    |lbuf_0_load_375_reg_19077  |    8|   0|    8|          0|
    |lbuf_0_load_376_reg_19082  |    8|   0|    8|          0|
    |lbuf_0_load_377_reg_19097  |    8|   0|    8|          0|
    |lbuf_0_load_378_reg_19102  |    8|   0|    8|          0|
    |lbuf_0_load_379_reg_19117  |    8|   0|    8|          0|
    |lbuf_0_load_37_reg_15697   |    8|   0|    8|          0|
    |lbuf_0_load_380_reg_19122  |    8|   0|    8|          0|
    |lbuf_0_load_381_reg_19137  |    8|   0|    8|          0|
    |lbuf_0_load_382_reg_19142  |    8|   0|    8|          0|
    |lbuf_0_load_383_reg_19157  |    8|   0|    8|          0|
    |lbuf_0_load_384_reg_19162  |    8|   0|    8|          0|
    |lbuf_0_load_385_reg_19177  |    8|   0|    8|          0|
    |lbuf_0_load_386_reg_19182  |    8|   0|    8|          0|
    |lbuf_0_load_387_reg_19197  |    8|   0|    8|          0|
    |lbuf_0_load_388_reg_19202  |    8|   0|    8|          0|
    |lbuf_0_load_389_reg_19217  |    8|   0|    8|          0|
    |lbuf_0_load_38_reg_15702   |    8|   0|    8|          0|
    |lbuf_0_load_390_reg_19222  |    8|   0|    8|          0|
    |lbuf_0_load_391_reg_19237  |    8|   0|    8|          0|
    |lbuf_0_load_392_reg_19242  |    8|   0|    8|          0|
    |lbuf_0_load_393_reg_19257  |    8|   0|    8|          0|
    |lbuf_0_load_394_reg_19262  |    8|   0|    8|          0|
    |lbuf_0_load_395_reg_19277  |    8|   0|    8|          0|
    |lbuf_0_load_396_reg_19282  |    8|   0|    8|          0|
    |lbuf_0_load_397_reg_19297  |    8|   0|    8|          0|
    |lbuf_0_load_398_reg_19302  |    8|   0|    8|          0|
    |lbuf_0_load_399_reg_19317  |    8|   0|    8|          0|
    |lbuf_0_load_39_reg_15717   |    8|   0|    8|          0|
    |lbuf_0_load_3_reg_15357    |    8|   0|    8|          0|
    |lbuf_0_load_400_reg_19322  |    8|   0|    8|          0|
    |lbuf_0_load_401_reg_19337  |    8|   0|    8|          0|
    |lbuf_0_load_402_reg_19342  |    8|   0|    8|          0|
    |lbuf_0_load_403_reg_19357  |    8|   0|    8|          0|
    |lbuf_0_load_404_reg_19362  |    8|   0|    8|          0|
    |lbuf_0_load_405_reg_19377  |    8|   0|    8|          0|
    |lbuf_0_load_406_reg_19382  |    8|   0|    8|          0|
    |lbuf_0_load_407_reg_19397  |    8|   0|    8|          0|
    |lbuf_0_load_408_reg_19402  |    8|   0|    8|          0|
    |lbuf_0_load_409_reg_19417  |    8|   0|    8|          0|
    |lbuf_0_load_40_reg_15722   |    8|   0|    8|          0|
    |lbuf_0_load_410_reg_19422  |    8|   0|    8|          0|
    |lbuf_0_load_411_reg_19437  |    8|   0|    8|          0|
    |lbuf_0_load_412_reg_19442  |    8|   0|    8|          0|
    |lbuf_0_load_413_reg_19457  |    8|   0|    8|          0|
    |lbuf_0_load_414_reg_19462  |    8|   0|    8|          0|
    |lbuf_0_load_415_reg_19477  |    8|   0|    8|          0|
    |lbuf_0_load_416_reg_19482  |    8|   0|    8|          0|
    |lbuf_0_load_417_reg_19497  |    8|   0|    8|          0|
    |lbuf_0_load_418_reg_19502  |    8|   0|    8|          0|
    |lbuf_0_load_419_reg_19517  |    8|   0|    8|          0|
    |lbuf_0_load_41_reg_15737   |    8|   0|    8|          0|
    |lbuf_0_load_420_reg_19522  |    8|   0|    8|          0|
    |lbuf_0_load_421_reg_19537  |    8|   0|    8|          0|
    |lbuf_0_load_422_reg_19542  |    8|   0|    8|          0|
    |lbuf_0_load_423_reg_19557  |    8|   0|    8|          0|
    |lbuf_0_load_424_reg_19562  |    8|   0|    8|          0|
    |lbuf_0_load_425_reg_19577  |    8|   0|    8|          0|
    |lbuf_0_load_426_reg_19582  |    8|   0|    8|          0|
    |lbuf_0_load_427_reg_19597  |    8|   0|    8|          0|
    |lbuf_0_load_428_reg_19602  |    8|   0|    8|          0|
    |lbuf_0_load_429_reg_19617  |    8|   0|    8|          0|
    |lbuf_0_load_42_reg_15742   |    8|   0|    8|          0|
    |lbuf_0_load_430_reg_19622  |    8|   0|    8|          0|
    |lbuf_0_load_431_reg_19637  |    8|   0|    8|          0|
    |lbuf_0_load_432_reg_19642  |    8|   0|    8|          0|
    |lbuf_0_load_433_reg_19657  |    8|   0|    8|          0|
    |lbuf_0_load_434_reg_19662  |    8|   0|    8|          0|
    |lbuf_0_load_435_reg_19677  |    8|   0|    8|          0|
    |lbuf_0_load_436_reg_19682  |    8|   0|    8|          0|
    |lbuf_0_load_437_reg_19697  |    8|   0|    8|          0|
    |lbuf_0_load_438_reg_19702  |    8|   0|    8|          0|
    |lbuf_0_load_439_reg_19717  |    8|   0|    8|          0|
    |lbuf_0_load_43_reg_15757   |    8|   0|    8|          0|
    |lbuf_0_load_440_reg_19722  |    8|   0|    8|          0|
    |lbuf_0_load_441_reg_19737  |    8|   0|    8|          0|
    |lbuf_0_load_442_reg_19742  |    8|   0|    8|          0|
    |lbuf_0_load_443_reg_19757  |    8|   0|    8|          0|
    |lbuf_0_load_444_reg_19762  |    8|   0|    8|          0|
    |lbuf_0_load_445_reg_19777  |    8|   0|    8|          0|
    |lbuf_0_load_446_reg_19782  |    8|   0|    8|          0|
    |lbuf_0_load_447_reg_19797  |    8|   0|    8|          0|
    |lbuf_0_load_448_reg_19802  |    8|   0|    8|          0|
    |lbuf_0_load_449_reg_19817  |    8|   0|    8|          0|
    |lbuf_0_load_44_reg_15762   |    8|   0|    8|          0|
    |lbuf_0_load_450_reg_19822  |    8|   0|    8|          0|
    |lbuf_0_load_451_reg_19837  |    8|   0|    8|          0|
    |lbuf_0_load_452_reg_19842  |    8|   0|    8|          0|
    |lbuf_0_load_453_reg_19857  |    8|   0|    8|          0|
    |lbuf_0_load_454_reg_19862  |    8|   0|    8|          0|
    |lbuf_0_load_455_reg_19877  |    8|   0|    8|          0|
    |lbuf_0_load_456_reg_19882  |    8|   0|    8|          0|
    |lbuf_0_load_457_reg_19897  |    8|   0|    8|          0|
    |lbuf_0_load_458_reg_19902  |    8|   0|    8|          0|
    |lbuf_0_load_459_reg_19917  |    8|   0|    8|          0|
    |lbuf_0_load_45_reg_15777   |    8|   0|    8|          0|
    |lbuf_0_load_460_reg_19922  |    8|   0|    8|          0|
    |lbuf_0_load_461_reg_19937  |    8|   0|    8|          0|
    |lbuf_0_load_462_reg_19942  |    8|   0|    8|          0|
    |lbuf_0_load_463_reg_19957  |    8|   0|    8|          0|
    |lbuf_0_load_464_reg_19962  |    8|   0|    8|          0|
    |lbuf_0_load_465_reg_19977  |    8|   0|    8|          0|
    |lbuf_0_load_466_reg_19982  |    8|   0|    8|          0|
    |lbuf_0_load_467_reg_19997  |    8|   0|    8|          0|
    |lbuf_0_load_468_reg_20002  |    8|   0|    8|          0|
    |lbuf_0_load_469_reg_20017  |    8|   0|    8|          0|
    |lbuf_0_load_46_reg_15782   |    8|   0|    8|          0|
    |lbuf_0_load_470_reg_20022  |    8|   0|    8|          0|
    |lbuf_0_load_471_reg_20037  |    8|   0|    8|          0|
    |lbuf_0_load_472_reg_20042  |    8|   0|    8|          0|
    |lbuf_0_load_473_reg_20057  |    8|   0|    8|          0|
    |lbuf_0_load_474_reg_20062  |    8|   0|    8|          0|
    |lbuf_0_load_475_reg_20077  |    8|   0|    8|          0|
    |lbuf_0_load_476_reg_20082  |    8|   0|    8|          0|
    |lbuf_0_load_477_reg_20097  |    8|   0|    8|          0|
    |lbuf_0_load_478_reg_20102  |    8|   0|    8|          0|
    |lbuf_0_load_479_reg_20117  |    8|   0|    8|          0|
    |lbuf_0_load_47_reg_15797   |    8|   0|    8|          0|
    |lbuf_0_load_480_reg_20122  |    8|   0|    8|          0|
    |lbuf_0_load_481_reg_20137  |    8|   0|    8|          0|
    |lbuf_0_load_482_reg_20142  |    8|   0|    8|          0|
    |lbuf_0_load_483_reg_20157  |    8|   0|    8|          0|
    |lbuf_0_load_484_reg_20162  |    8|   0|    8|          0|
    |lbuf_0_load_485_reg_20177  |    8|   0|    8|          0|
    |lbuf_0_load_486_reg_20182  |    8|   0|    8|          0|
    |lbuf_0_load_487_reg_20197  |    8|   0|    8|          0|
    |lbuf_0_load_488_reg_20202  |    8|   0|    8|          0|
    |lbuf_0_load_489_reg_20217  |    8|   0|    8|          0|
    |lbuf_0_load_48_reg_15802   |    8|   0|    8|          0|
    |lbuf_0_load_490_reg_20222  |    8|   0|    8|          0|
    |lbuf_0_load_491_reg_20237  |    8|   0|    8|          0|
    |lbuf_0_load_492_reg_20242  |    8|   0|    8|          0|
    |lbuf_0_load_493_reg_20257  |    8|   0|    8|          0|
    |lbuf_0_load_494_reg_20262  |    8|   0|    8|          0|
    |lbuf_0_load_495_reg_20277  |    8|   0|    8|          0|
    |lbuf_0_load_496_reg_20282  |    8|   0|    8|          0|
    |lbuf_0_load_497_reg_20297  |    8|   0|    8|          0|
    |lbuf_0_load_498_reg_20302  |    8|   0|    8|          0|
    |lbuf_0_load_499_reg_20317  |    8|   0|    8|          0|
    |lbuf_0_load_49_reg_15817   |    8|   0|    8|          0|
    |lbuf_0_load_4_reg_15362    |    8|   0|    8|          0|
    |lbuf_0_load_500_reg_20322  |    8|   0|    8|          0|
    |lbuf_0_load_501_reg_20337  |    8|   0|    8|          0|
    |lbuf_0_load_502_reg_20342  |    8|   0|    8|          0|
    |lbuf_0_load_503_reg_20357  |    8|   0|    8|          0|
    |lbuf_0_load_504_reg_20362  |    8|   0|    8|          0|
    |lbuf_0_load_505_reg_20377  |    8|   0|    8|          0|
    |lbuf_0_load_506_reg_20382  |    8|   0|    8|          0|
    |lbuf_0_load_50_reg_15822   |    8|   0|    8|          0|
    |lbuf_0_load_51_reg_15837   |    8|   0|    8|          0|
    |lbuf_0_load_52_reg_15842   |    8|   0|    8|          0|
    |lbuf_0_load_53_reg_15857   |    8|   0|    8|          0|
    |lbuf_0_load_54_reg_15862   |    8|   0|    8|          0|
    |lbuf_0_load_55_reg_15877   |    8|   0|    8|          0|
    |lbuf_0_load_56_reg_15882   |    8|   0|    8|          0|
    |lbuf_0_load_57_reg_15897   |    8|   0|    8|          0|
    |lbuf_0_load_58_reg_15902   |    8|   0|    8|          0|
    |lbuf_0_load_59_reg_15917   |    8|   0|    8|          0|
    |lbuf_0_load_5_reg_15377    |    8|   0|    8|          0|
    |lbuf_0_load_60_reg_15922   |    8|   0|    8|          0|
    |lbuf_0_load_61_reg_15937   |    8|   0|    8|          0|
    |lbuf_0_load_62_reg_15942   |    8|   0|    8|          0|
    |lbuf_0_load_63_reg_15957   |    8|   0|    8|          0|
    |lbuf_0_load_64_reg_15962   |    8|   0|    8|          0|
    |lbuf_0_load_65_reg_15977   |    8|   0|    8|          0|
    |lbuf_0_load_66_reg_15982   |    8|   0|    8|          0|
    |lbuf_0_load_67_reg_15997   |    8|   0|    8|          0|
    |lbuf_0_load_68_reg_16002   |    8|   0|    8|          0|
    |lbuf_0_load_69_reg_16017   |    8|   0|    8|          0|
    |lbuf_0_load_6_reg_15382    |    8|   0|    8|          0|
    |lbuf_0_load_70_reg_16022   |    8|   0|    8|          0|
    |lbuf_0_load_71_reg_16037   |    8|   0|    8|          0|
    |lbuf_0_load_72_reg_16042   |    8|   0|    8|          0|
    |lbuf_0_load_73_reg_16057   |    8|   0|    8|          0|
    |lbuf_0_load_74_reg_16062   |    8|   0|    8|          0|
    |lbuf_0_load_75_reg_16077   |    8|   0|    8|          0|
    |lbuf_0_load_76_reg_16082   |    8|   0|    8|          0|
    |lbuf_0_load_77_reg_16097   |    8|   0|    8|          0|
    |lbuf_0_load_78_reg_16102   |    8|   0|    8|          0|
    |lbuf_0_load_79_reg_16117   |    8|   0|    8|          0|
    |lbuf_0_load_7_reg_15397    |    8|   0|    8|          0|
    |lbuf_0_load_80_reg_16122   |    8|   0|    8|          0|
    |lbuf_0_load_81_reg_16137   |    8|   0|    8|          0|
    |lbuf_0_load_82_reg_16142   |    8|   0|    8|          0|
    |lbuf_0_load_83_reg_16157   |    8|   0|    8|          0|
    |lbuf_0_load_84_reg_16162   |    8|   0|    8|          0|
    |lbuf_0_load_85_reg_16177   |    8|   0|    8|          0|
    |lbuf_0_load_86_reg_16182   |    8|   0|    8|          0|
    |lbuf_0_load_87_reg_16197   |    8|   0|    8|          0|
    |lbuf_0_load_88_reg_16202   |    8|   0|    8|          0|
    |lbuf_0_load_89_reg_16217   |    8|   0|    8|          0|
    |lbuf_0_load_8_reg_15402    |    8|   0|    8|          0|
    |lbuf_0_load_90_reg_16222   |    8|   0|    8|          0|
    |lbuf_0_load_91_reg_16237   |    8|   0|    8|          0|
    |lbuf_0_load_92_reg_16242   |    8|   0|    8|          0|
    |lbuf_0_load_93_reg_16257   |    8|   0|    8|          0|
    |lbuf_0_load_94_reg_16262   |    8|   0|    8|          0|
    |lbuf_0_load_95_reg_16277   |    8|   0|    8|          0|
    |lbuf_0_load_96_reg_16282   |    8|   0|    8|          0|
    |lbuf_0_load_97_reg_16297   |    8|   0|    8|          0|
    |lbuf_0_load_98_reg_16302   |    8|   0|    8|          0|
    |lbuf_0_load_99_reg_16317   |    8|   0|    8|          0|
    |lbuf_0_load_9_reg_15417    |    8|   0|    8|          0|
    |lbuf_1_load_100_reg_16327  |    8|   0|    8|          0|
    |lbuf_1_load_101_reg_16332  |    8|   0|    8|          0|
    |lbuf_1_load_102_reg_16347  |    8|   0|    8|          0|
    |lbuf_1_load_103_reg_16352  |    8|   0|    8|          0|
    |lbuf_1_load_104_reg_16367  |    8|   0|    8|          0|
    |lbuf_1_load_105_reg_16372  |    8|   0|    8|          0|
    |lbuf_1_load_106_reg_16387  |    8|   0|    8|          0|
    |lbuf_1_load_107_reg_16392  |    8|   0|    8|          0|
    |lbuf_1_load_108_reg_16407  |    8|   0|    8|          0|
    |lbuf_1_load_109_reg_16412  |    8|   0|    8|          0|
    |lbuf_1_load_10_reg_15427   |    8|   0|    8|          0|
    |lbuf_1_load_110_reg_16427  |    8|   0|    8|          0|
    |lbuf_1_load_111_reg_16432  |    8|   0|    8|          0|
    |lbuf_1_load_112_reg_16447  |    8|   0|    8|          0|
    |lbuf_1_load_113_reg_16452  |    8|   0|    8|          0|
    |lbuf_1_load_114_reg_16467  |    8|   0|    8|          0|
    |lbuf_1_load_115_reg_16472  |    8|   0|    8|          0|
    |lbuf_1_load_116_reg_16487  |    8|   0|    8|          0|
    |lbuf_1_load_117_reg_16492  |    8|   0|    8|          0|
    |lbuf_1_load_118_reg_16507  |    8|   0|    8|          0|
    |lbuf_1_load_119_reg_16512  |    8|   0|    8|          0|
    |lbuf_1_load_11_reg_15432   |    8|   0|    8|          0|
    |lbuf_1_load_120_reg_16527  |    8|   0|    8|          0|
    |lbuf_1_load_121_reg_16532  |    8|   0|    8|          0|
    |lbuf_1_load_122_reg_16547  |    8|   0|    8|          0|
    |lbuf_1_load_123_reg_16552  |    8|   0|    8|          0|
    |lbuf_1_load_124_reg_16567  |    8|   0|    8|          0|
    |lbuf_1_load_125_reg_16572  |    8|   0|    8|          0|
    |lbuf_1_load_126_reg_16587  |    8|   0|    8|          0|
    |lbuf_1_load_127_reg_16592  |    8|   0|    8|          0|
    |lbuf_1_load_128_reg_16607  |    8|   0|    8|          0|
    |lbuf_1_load_129_reg_16612  |    8|   0|    8|          0|
    |lbuf_1_load_12_reg_15447   |    8|   0|    8|          0|
    |lbuf_1_load_130_reg_16627  |    8|   0|    8|          0|
    |lbuf_1_load_131_reg_16632  |    8|   0|    8|          0|
    |lbuf_1_load_132_reg_16647  |    8|   0|    8|          0|
    |lbuf_1_load_133_reg_16652  |    8|   0|    8|          0|
    |lbuf_1_load_134_reg_16667  |    8|   0|    8|          0|
    |lbuf_1_load_135_reg_16672  |    8|   0|    8|          0|
    |lbuf_1_load_136_reg_16687  |    8|   0|    8|          0|
    |lbuf_1_load_137_reg_16692  |    8|   0|    8|          0|
    |lbuf_1_load_138_reg_16707  |    8|   0|    8|          0|
    |lbuf_1_load_139_reg_16712  |    8|   0|    8|          0|
    |lbuf_1_load_13_reg_15452   |    8|   0|    8|          0|
    |lbuf_1_load_140_reg_16727  |    8|   0|    8|          0|
    |lbuf_1_load_141_reg_16732  |    8|   0|    8|          0|
    |lbuf_1_load_142_reg_16747  |    8|   0|    8|          0|
    |lbuf_1_load_143_reg_16752  |    8|   0|    8|          0|
    |lbuf_1_load_144_reg_16767  |    8|   0|    8|          0|
    |lbuf_1_load_145_reg_16772  |    8|   0|    8|          0|
    |lbuf_1_load_146_reg_16787  |    8|   0|    8|          0|
    |lbuf_1_load_147_reg_16792  |    8|   0|    8|          0|
    |lbuf_1_load_148_reg_16807  |    8|   0|    8|          0|
    |lbuf_1_load_149_reg_16812  |    8|   0|    8|          0|
    |lbuf_1_load_14_reg_15467   |    8|   0|    8|          0|
    |lbuf_1_load_150_reg_16827  |    8|   0|    8|          0|
    |lbuf_1_load_151_reg_16832  |    8|   0|    8|          0|
    |lbuf_1_load_152_reg_16847  |    8|   0|    8|          0|
    |lbuf_1_load_153_reg_16852  |    8|   0|    8|          0|
    |lbuf_1_load_154_reg_16867  |    8|   0|    8|          0|
    |lbuf_1_load_155_reg_16872  |    8|   0|    8|          0|
    |lbuf_1_load_156_reg_16887  |    8|   0|    8|          0|
    |lbuf_1_load_157_reg_16892  |    8|   0|    8|          0|
    |lbuf_1_load_158_reg_16907  |    8|   0|    8|          0|
    |lbuf_1_load_159_reg_16912  |    8|   0|    8|          0|
    |lbuf_1_load_15_reg_15472   |    8|   0|    8|          0|
    |lbuf_1_load_160_reg_16927  |    8|   0|    8|          0|
    |lbuf_1_load_161_reg_16932  |    8|   0|    8|          0|
    |lbuf_1_load_162_reg_16947  |    8|   0|    8|          0|
    |lbuf_1_load_163_reg_16952  |    8|   0|    8|          0|
    |lbuf_1_load_164_reg_16967  |    8|   0|    8|          0|
    |lbuf_1_load_165_reg_16972  |    8|   0|    8|          0|
    |lbuf_1_load_166_reg_16987  |    8|   0|    8|          0|
    |lbuf_1_load_167_reg_16992  |    8|   0|    8|          0|
    |lbuf_1_load_168_reg_17007  |    8|   0|    8|          0|
    |lbuf_1_load_169_reg_17012  |    8|   0|    8|          0|
    |lbuf_1_load_16_reg_15487   |    8|   0|    8|          0|
    |lbuf_1_load_170_reg_17027  |    8|   0|    8|          0|
    |lbuf_1_load_171_reg_17032  |    8|   0|    8|          0|
    |lbuf_1_load_172_reg_17047  |    8|   0|    8|          0|
    |lbuf_1_load_173_reg_17052  |    8|   0|    8|          0|
    |lbuf_1_load_174_reg_17067  |    8|   0|    8|          0|
    |lbuf_1_load_175_reg_17072  |    8|   0|    8|          0|
    |lbuf_1_load_176_reg_17087  |    8|   0|    8|          0|
    |lbuf_1_load_177_reg_17092  |    8|   0|    8|          0|
    |lbuf_1_load_178_reg_17107  |    8|   0|    8|          0|
    |lbuf_1_load_179_reg_17112  |    8|   0|    8|          0|
    |lbuf_1_load_17_reg_15492   |    8|   0|    8|          0|
    |lbuf_1_load_180_reg_17127  |    8|   0|    8|          0|
    |lbuf_1_load_181_reg_17132  |    8|   0|    8|          0|
    |lbuf_1_load_182_reg_17147  |    8|   0|    8|          0|
    |lbuf_1_load_183_reg_17152  |    8|   0|    8|          0|
    |lbuf_1_load_184_reg_17167  |    8|   0|    8|          0|
    |lbuf_1_load_185_reg_17172  |    8|   0|    8|          0|
    |lbuf_1_load_186_reg_17187  |    8|   0|    8|          0|
    |lbuf_1_load_187_reg_17192  |    8|   0|    8|          0|
    |lbuf_1_load_188_reg_17207  |    8|   0|    8|          0|
    |lbuf_1_load_189_reg_17212  |    8|   0|    8|          0|
    |lbuf_1_load_18_reg_15507   |    8|   0|    8|          0|
    |lbuf_1_load_190_reg_17227  |    8|   0|    8|          0|
    |lbuf_1_load_191_reg_17232  |    8|   0|    8|          0|
    |lbuf_1_load_192_reg_17247  |    8|   0|    8|          0|
    |lbuf_1_load_193_reg_17252  |    8|   0|    8|          0|
    |lbuf_1_load_194_reg_17267  |    8|   0|    8|          0|
    |lbuf_1_load_195_reg_17272  |    8|   0|    8|          0|
    |lbuf_1_load_196_reg_17287  |    8|   0|    8|          0|
    |lbuf_1_load_197_reg_17292  |    8|   0|    8|          0|
    |lbuf_1_load_198_reg_17307  |    8|   0|    8|          0|
    |lbuf_1_load_199_reg_17312  |    8|   0|    8|          0|
    |lbuf_1_load_19_reg_15512   |    8|   0|    8|          0|
    |lbuf_1_load_200_reg_17327  |    8|   0|    8|          0|
    |lbuf_1_load_201_reg_17332  |    8|   0|    8|          0|
    |lbuf_1_load_202_reg_17347  |    8|   0|    8|          0|
    |lbuf_1_load_203_reg_17352  |    8|   0|    8|          0|
    |lbuf_1_load_204_reg_17367  |    8|   0|    8|          0|
    |lbuf_1_load_205_reg_17372  |    8|   0|    8|          0|
    |lbuf_1_load_206_reg_17387  |    8|   0|    8|          0|
    |lbuf_1_load_207_reg_17392  |    8|   0|    8|          0|
    |lbuf_1_load_208_reg_17407  |    8|   0|    8|          0|
    |lbuf_1_load_209_reg_17412  |    8|   0|    8|          0|
    |lbuf_1_load_20_reg_15527   |    8|   0|    8|          0|
    |lbuf_1_load_210_reg_17427  |    8|   0|    8|          0|
    |lbuf_1_load_211_reg_17432  |    8|   0|    8|          0|
    |lbuf_1_load_212_reg_17447  |    8|   0|    8|          0|
    |lbuf_1_load_213_reg_17452  |    8|   0|    8|          0|
    |lbuf_1_load_214_reg_17467  |    8|   0|    8|          0|
    |lbuf_1_load_215_reg_17472  |    8|   0|    8|          0|
    |lbuf_1_load_216_reg_17487  |    8|   0|    8|          0|
    |lbuf_1_load_217_reg_17492  |    8|   0|    8|          0|
    |lbuf_1_load_218_reg_17507  |    8|   0|    8|          0|
    |lbuf_1_load_219_reg_17512  |    8|   0|    8|          0|
    |lbuf_1_load_21_reg_15532   |    8|   0|    8|          0|
    |lbuf_1_load_220_reg_17527  |    8|   0|    8|          0|
    |lbuf_1_load_221_reg_17532  |    8|   0|    8|          0|
    |lbuf_1_load_222_reg_17547  |    8|   0|    8|          0|
    |lbuf_1_load_223_reg_17552  |    8|   0|    8|          0|
    |lbuf_1_load_224_reg_17567  |    8|   0|    8|          0|
    |lbuf_1_load_225_reg_17572  |    8|   0|    8|          0|
    |lbuf_1_load_226_reg_17587  |    8|   0|    8|          0|
    |lbuf_1_load_227_reg_17592  |    8|   0|    8|          0|
    |lbuf_1_load_228_reg_17607  |    8|   0|    8|          0|
    |lbuf_1_load_229_reg_17612  |    8|   0|    8|          0|
    |lbuf_1_load_22_reg_15547   |    8|   0|    8|          0|
    |lbuf_1_load_230_reg_17627  |    8|   0|    8|          0|
    |lbuf_1_load_231_reg_17632  |    8|   0|    8|          0|
    |lbuf_1_load_232_reg_17647  |    8|   0|    8|          0|
    |lbuf_1_load_233_reg_17652  |    8|   0|    8|          0|
    |lbuf_1_load_234_reg_17667  |    8|   0|    8|          0|
    |lbuf_1_load_235_reg_17672  |    8|   0|    8|          0|
    |lbuf_1_load_236_reg_17687  |    8|   0|    8|          0|
    |lbuf_1_load_237_reg_17692  |    8|   0|    8|          0|
    |lbuf_1_load_238_reg_17707  |    8|   0|    8|          0|
    |lbuf_1_load_239_reg_17712  |    8|   0|    8|          0|
    |lbuf_1_load_23_reg_15552   |    8|   0|    8|          0|
    |lbuf_1_load_240_reg_17727  |    8|   0|    8|          0|
    |lbuf_1_load_241_reg_17732  |    8|   0|    8|          0|
    |lbuf_1_load_242_reg_17747  |    8|   0|    8|          0|
    |lbuf_1_load_243_reg_17752  |    8|   0|    8|          0|
    |lbuf_1_load_244_reg_17767  |    8|   0|    8|          0|
    |lbuf_1_load_245_reg_17772  |    8|   0|    8|          0|
    |lbuf_1_load_246_reg_17787  |    8|   0|    8|          0|
    |lbuf_1_load_247_reg_17792  |    8|   0|    8|          0|
    |lbuf_1_load_248_reg_17807  |    8|   0|    8|          0|
    |lbuf_1_load_249_reg_17812  |    8|   0|    8|          0|
    |lbuf_1_load_24_reg_15567   |    8|   0|    8|          0|
    |lbuf_1_load_250_reg_17827  |    8|   0|    8|          0|
    |lbuf_1_load_251_reg_17832  |    8|   0|    8|          0|
    |lbuf_1_load_252_reg_17847  |    8|   0|    8|          0|
    |lbuf_1_load_253_reg_17852  |    8|   0|    8|          0|
    |lbuf_1_load_254_reg_17867  |    8|   0|    8|          0|
    |lbuf_1_load_255_reg_17872  |    8|   0|    8|          0|
    |lbuf_1_load_256_reg_17887  |    8|   0|    8|          0|
    |lbuf_1_load_257_reg_17892  |    8|   0|    8|          0|
    |lbuf_1_load_258_reg_17907  |    8|   0|    8|          0|
    |lbuf_1_load_259_reg_17912  |    8|   0|    8|          0|
    |lbuf_1_load_25_reg_15572   |    8|   0|    8|          0|
    |lbuf_1_load_260_reg_17927  |    8|   0|    8|          0|
    |lbuf_1_load_261_reg_17932  |    8|   0|    8|          0|
    |lbuf_1_load_262_reg_17947  |    8|   0|    8|          0|
    |lbuf_1_load_263_reg_17952  |    8|   0|    8|          0|
    |lbuf_1_load_264_reg_17967  |    8|   0|    8|          0|
    |lbuf_1_load_265_reg_17972  |    8|   0|    8|          0|
    |lbuf_1_load_266_reg_17987  |    8|   0|    8|          0|
    |lbuf_1_load_267_reg_17992  |    8|   0|    8|          0|
    |lbuf_1_load_268_reg_18007  |    8|   0|    8|          0|
    |lbuf_1_load_269_reg_18012  |    8|   0|    8|          0|
    |lbuf_1_load_26_reg_15587   |    8|   0|    8|          0|
    |lbuf_1_load_270_reg_18027  |    8|   0|    8|          0|
    |lbuf_1_load_271_reg_18032  |    8|   0|    8|          0|
    |lbuf_1_load_272_reg_18047  |    8|   0|    8|          0|
    |lbuf_1_load_273_reg_18052  |    8|   0|    8|          0|
    |lbuf_1_load_274_reg_18067  |    8|   0|    8|          0|
    |lbuf_1_load_275_reg_18072  |    8|   0|    8|          0|
    |lbuf_1_load_276_reg_18087  |    8|   0|    8|          0|
    |lbuf_1_load_277_reg_18092  |    8|   0|    8|          0|
    |lbuf_1_load_278_reg_18107  |    8|   0|    8|          0|
    |lbuf_1_load_279_reg_18112  |    8|   0|    8|          0|
    |lbuf_1_load_27_reg_15592   |    8|   0|    8|          0|
    |lbuf_1_load_280_reg_18127  |    8|   0|    8|          0|
    |lbuf_1_load_281_reg_18132  |    8|   0|    8|          0|
    |lbuf_1_load_282_reg_18147  |    8|   0|    8|          0|
    |lbuf_1_load_283_reg_18152  |    8|   0|    8|          0|
    |lbuf_1_load_284_reg_18167  |    8|   0|    8|          0|
    |lbuf_1_load_285_reg_18172  |    8|   0|    8|          0|
    |lbuf_1_load_286_reg_18187  |    8|   0|    8|          0|
    |lbuf_1_load_287_reg_18192  |    8|   0|    8|          0|
    |lbuf_1_load_288_reg_18207  |    8|   0|    8|          0|
    |lbuf_1_load_289_reg_18212  |    8|   0|    8|          0|
    |lbuf_1_load_28_reg_15607   |    8|   0|    8|          0|
    |lbuf_1_load_290_reg_18227  |    8|   0|    8|          0|
    |lbuf_1_load_291_reg_18232  |    8|   0|    8|          0|
    |lbuf_1_load_292_reg_18247  |    8|   0|    8|          0|
    |lbuf_1_load_293_reg_18252  |    8|   0|    8|          0|
    |lbuf_1_load_294_reg_18267  |    8|   0|    8|          0|
    |lbuf_1_load_295_reg_18272  |    8|   0|    8|          0|
    |lbuf_1_load_296_reg_18287  |    8|   0|    8|          0|
    |lbuf_1_load_297_reg_18292  |    8|   0|    8|          0|
    |lbuf_1_load_298_reg_18307  |    8|   0|    8|          0|
    |lbuf_1_load_299_reg_18312  |    8|   0|    8|          0|
    |lbuf_1_load_29_reg_15612   |    8|   0|    8|          0|
    |lbuf_1_load_2_reg_15347    |    8|   0|    8|          0|
    |lbuf_1_load_300_reg_18327  |    8|   0|    8|          0|
    |lbuf_1_load_301_reg_18332  |    8|   0|    8|          0|
    |lbuf_1_load_302_reg_18347  |    8|   0|    8|          0|
    |lbuf_1_load_303_reg_18352  |    8|   0|    8|          0|
    |lbuf_1_load_304_reg_18367  |    8|   0|    8|          0|
    |lbuf_1_load_305_reg_18372  |    8|   0|    8|          0|
    |lbuf_1_load_306_reg_18387  |    8|   0|    8|          0|
    |lbuf_1_load_307_reg_18392  |    8|   0|    8|          0|
    |lbuf_1_load_308_reg_18407  |    8|   0|    8|          0|
    |lbuf_1_load_309_reg_18412  |    8|   0|    8|          0|
    |lbuf_1_load_30_reg_15627   |    8|   0|    8|          0|
    |lbuf_1_load_310_reg_18427  |    8|   0|    8|          0|
    |lbuf_1_load_311_reg_18432  |    8|   0|    8|          0|
    |lbuf_1_load_312_reg_18447  |    8|   0|    8|          0|
    |lbuf_1_load_313_reg_18452  |    8|   0|    8|          0|
    |lbuf_1_load_314_reg_18467  |    8|   0|    8|          0|
    |lbuf_1_load_315_reg_18472  |    8|   0|    8|          0|
    |lbuf_1_load_316_reg_18487  |    8|   0|    8|          0|
    |lbuf_1_load_317_reg_18492  |    8|   0|    8|          0|
    |lbuf_1_load_318_reg_18507  |    8|   0|    8|          0|
    |lbuf_1_load_319_reg_18512  |    8|   0|    8|          0|
    |lbuf_1_load_31_reg_15632   |    8|   0|    8|          0|
    |lbuf_1_load_320_reg_18527  |    8|   0|    8|          0|
    |lbuf_1_load_321_reg_18532  |    8|   0|    8|          0|
    |lbuf_1_load_322_reg_18547  |    8|   0|    8|          0|
    |lbuf_1_load_323_reg_18552  |    8|   0|    8|          0|
    |lbuf_1_load_324_reg_18567  |    8|   0|    8|          0|
    |lbuf_1_load_325_reg_18572  |    8|   0|    8|          0|
    |lbuf_1_load_326_reg_18587  |    8|   0|    8|          0|
    |lbuf_1_load_327_reg_18592  |    8|   0|    8|          0|
    |lbuf_1_load_328_reg_18607  |    8|   0|    8|          0|
    |lbuf_1_load_329_reg_18612  |    8|   0|    8|          0|
    |lbuf_1_load_32_reg_15647   |    8|   0|    8|          0|
    |lbuf_1_load_330_reg_18627  |    8|   0|    8|          0|
    |lbuf_1_load_331_reg_18632  |    8|   0|    8|          0|
    |lbuf_1_load_332_reg_18647  |    8|   0|    8|          0|
    |lbuf_1_load_333_reg_18652  |    8|   0|    8|          0|
    |lbuf_1_load_334_reg_18667  |    8|   0|    8|          0|
    |lbuf_1_load_335_reg_18672  |    8|   0|    8|          0|
    |lbuf_1_load_336_reg_18687  |    8|   0|    8|          0|
    |lbuf_1_load_337_reg_18692  |    8|   0|    8|          0|
    |lbuf_1_load_338_reg_18707  |    8|   0|    8|          0|
    |lbuf_1_load_339_reg_18712  |    8|   0|    8|          0|
    |lbuf_1_load_33_reg_15652   |    8|   0|    8|          0|
    |lbuf_1_load_340_reg_18727  |    8|   0|    8|          0|
    |lbuf_1_load_341_reg_18732  |    8|   0|    8|          0|
    |lbuf_1_load_342_reg_18747  |    8|   0|    8|          0|
    |lbuf_1_load_343_reg_18752  |    8|   0|    8|          0|
    |lbuf_1_load_344_reg_18767  |    8|   0|    8|          0|
    |lbuf_1_load_345_reg_18772  |    8|   0|    8|          0|
    |lbuf_1_load_346_reg_18787  |    8|   0|    8|          0|
    |lbuf_1_load_347_reg_18792  |    8|   0|    8|          0|
    |lbuf_1_load_348_reg_18807  |    8|   0|    8|          0|
    |lbuf_1_load_349_reg_18812  |    8|   0|    8|          0|
    |lbuf_1_load_34_reg_15667   |    8|   0|    8|          0|
    |lbuf_1_load_350_reg_18827  |    8|   0|    8|          0|
    |lbuf_1_load_351_reg_18832  |    8|   0|    8|          0|
    |lbuf_1_load_352_reg_18847  |    8|   0|    8|          0|
    |lbuf_1_load_353_reg_18852  |    8|   0|    8|          0|
    |lbuf_1_load_354_reg_18867  |    8|   0|    8|          0|
    |lbuf_1_load_355_reg_18872  |    8|   0|    8|          0|
    |lbuf_1_load_356_reg_18887  |    8|   0|    8|          0|
    |lbuf_1_load_357_reg_18892  |    8|   0|    8|          0|
    |lbuf_1_load_358_reg_18907  |    8|   0|    8|          0|
    |lbuf_1_load_359_reg_18912  |    8|   0|    8|          0|
    |lbuf_1_load_35_reg_15672   |    8|   0|    8|          0|
    |lbuf_1_load_360_reg_18927  |    8|   0|    8|          0|
    |lbuf_1_load_361_reg_18932  |    8|   0|    8|          0|
    |lbuf_1_load_362_reg_18947  |    8|   0|    8|          0|
    |lbuf_1_load_363_reg_18952  |    8|   0|    8|          0|
    |lbuf_1_load_364_reg_18967  |    8|   0|    8|          0|
    |lbuf_1_load_365_reg_18972  |    8|   0|    8|          0|
    |lbuf_1_load_366_reg_18987  |    8|   0|    8|          0|
    |lbuf_1_load_367_reg_18992  |    8|   0|    8|          0|
    |lbuf_1_load_368_reg_19007  |    8|   0|    8|          0|
    |lbuf_1_load_369_reg_19012  |    8|   0|    8|          0|
    |lbuf_1_load_36_reg_15687   |    8|   0|    8|          0|
    |lbuf_1_load_370_reg_19027  |    8|   0|    8|          0|
    |lbuf_1_load_371_reg_19032  |    8|   0|    8|          0|
    |lbuf_1_load_372_reg_19047  |    8|   0|    8|          0|
    |lbuf_1_load_373_reg_19052  |    8|   0|    8|          0|
    |lbuf_1_load_374_reg_19067  |    8|   0|    8|          0|
    |lbuf_1_load_375_reg_19072  |    8|   0|    8|          0|
    |lbuf_1_load_376_reg_19087  |    8|   0|    8|          0|
    |lbuf_1_load_377_reg_19092  |    8|   0|    8|          0|
    |lbuf_1_load_378_reg_19107  |    8|   0|    8|          0|
    |lbuf_1_load_379_reg_19112  |    8|   0|    8|          0|
    |lbuf_1_load_37_reg_15692   |    8|   0|    8|          0|
    |lbuf_1_load_380_reg_19127  |    8|   0|    8|          0|
    |lbuf_1_load_381_reg_19132  |    8|   0|    8|          0|
    |lbuf_1_load_382_reg_19147  |    8|   0|    8|          0|
    |lbuf_1_load_383_reg_19152  |    8|   0|    8|          0|
    |lbuf_1_load_384_reg_19167  |    8|   0|    8|          0|
    |lbuf_1_load_385_reg_19172  |    8|   0|    8|          0|
    |lbuf_1_load_386_reg_19187  |    8|   0|    8|          0|
    |lbuf_1_load_387_reg_19192  |    8|   0|    8|          0|
    |lbuf_1_load_388_reg_19207  |    8|   0|    8|          0|
    |lbuf_1_load_389_reg_19212  |    8|   0|    8|          0|
    |lbuf_1_load_38_reg_15707   |    8|   0|    8|          0|
    |lbuf_1_load_390_reg_19227  |    8|   0|    8|          0|
    |lbuf_1_load_391_reg_19232  |    8|   0|    8|          0|
    |lbuf_1_load_392_reg_19247  |    8|   0|    8|          0|
    |lbuf_1_load_393_reg_19252  |    8|   0|    8|          0|
    |lbuf_1_load_394_reg_19267  |    8|   0|    8|          0|
    |lbuf_1_load_395_reg_19272  |    8|   0|    8|          0|
    |lbuf_1_load_396_reg_19287  |    8|   0|    8|          0|
    |lbuf_1_load_397_reg_19292  |    8|   0|    8|          0|
    |lbuf_1_load_398_reg_19307  |    8|   0|    8|          0|
    |lbuf_1_load_399_reg_19312  |    8|   0|    8|          0|
    |lbuf_1_load_39_reg_15712   |    8|   0|    8|          0|
    |lbuf_1_load_3_reg_15352    |    8|   0|    8|          0|
    |lbuf_1_load_400_reg_19327  |    8|   0|    8|          0|
    |lbuf_1_load_401_reg_19332  |    8|   0|    8|          0|
    |lbuf_1_load_402_reg_19347  |    8|   0|    8|          0|
    |lbuf_1_load_403_reg_19352  |    8|   0|    8|          0|
    |lbuf_1_load_404_reg_19367  |    8|   0|    8|          0|
    |lbuf_1_load_405_reg_19372  |    8|   0|    8|          0|
    |lbuf_1_load_406_reg_19387  |    8|   0|    8|          0|
    |lbuf_1_load_407_reg_19392  |    8|   0|    8|          0|
    |lbuf_1_load_408_reg_19407  |    8|   0|    8|          0|
    |lbuf_1_load_409_reg_19412  |    8|   0|    8|          0|
    |lbuf_1_load_40_reg_15727   |    8|   0|    8|          0|
    |lbuf_1_load_410_reg_19427  |    8|   0|    8|          0|
    |lbuf_1_load_411_reg_19432  |    8|   0|    8|          0|
    |lbuf_1_load_412_reg_19447  |    8|   0|    8|          0|
    |lbuf_1_load_413_reg_19452  |    8|   0|    8|          0|
    |lbuf_1_load_414_reg_19467  |    8|   0|    8|          0|
    |lbuf_1_load_415_reg_19472  |    8|   0|    8|          0|
    |lbuf_1_load_416_reg_19487  |    8|   0|    8|          0|
    |lbuf_1_load_417_reg_19492  |    8|   0|    8|          0|
    |lbuf_1_load_418_reg_19507  |    8|   0|    8|          0|
    |lbuf_1_load_419_reg_19512  |    8|   0|    8|          0|
    |lbuf_1_load_41_reg_15732   |    8|   0|    8|          0|
    |lbuf_1_load_420_reg_19527  |    8|   0|    8|          0|
    |lbuf_1_load_421_reg_19532  |    8|   0|    8|          0|
    |lbuf_1_load_422_reg_19547  |    8|   0|    8|          0|
    |lbuf_1_load_423_reg_19552  |    8|   0|    8|          0|
    |lbuf_1_load_424_reg_19567  |    8|   0|    8|          0|
    |lbuf_1_load_425_reg_19572  |    8|   0|    8|          0|
    |lbuf_1_load_426_reg_19587  |    8|   0|    8|          0|
    |lbuf_1_load_427_reg_19592  |    8|   0|    8|          0|
    |lbuf_1_load_428_reg_19607  |    8|   0|    8|          0|
    |lbuf_1_load_429_reg_19612  |    8|   0|    8|          0|
    |lbuf_1_load_42_reg_15747   |    8|   0|    8|          0|
    |lbuf_1_load_430_reg_19627  |    8|   0|    8|          0|
    |lbuf_1_load_431_reg_19632  |    8|   0|    8|          0|
    |lbuf_1_load_432_reg_19647  |    8|   0|    8|          0|
    |lbuf_1_load_433_reg_19652  |    8|   0|    8|          0|
    |lbuf_1_load_434_reg_19667  |    8|   0|    8|          0|
    |lbuf_1_load_435_reg_19672  |    8|   0|    8|          0|
    |lbuf_1_load_436_reg_19687  |    8|   0|    8|          0|
    |lbuf_1_load_437_reg_19692  |    8|   0|    8|          0|
    |lbuf_1_load_438_reg_19707  |    8|   0|    8|          0|
    |lbuf_1_load_439_reg_19712  |    8|   0|    8|          0|
    |lbuf_1_load_43_reg_15752   |    8|   0|    8|          0|
    |lbuf_1_load_440_reg_19727  |    8|   0|    8|          0|
    |lbuf_1_load_441_reg_19732  |    8|   0|    8|          0|
    |lbuf_1_load_442_reg_19747  |    8|   0|    8|          0|
    |lbuf_1_load_443_reg_19752  |    8|   0|    8|          0|
    |lbuf_1_load_444_reg_19767  |    8|   0|    8|          0|
    |lbuf_1_load_445_reg_19772  |    8|   0|    8|          0|
    |lbuf_1_load_446_reg_19787  |    8|   0|    8|          0|
    |lbuf_1_load_447_reg_19792  |    8|   0|    8|          0|
    |lbuf_1_load_448_reg_19807  |    8|   0|    8|          0|
    |lbuf_1_load_449_reg_19812  |    8|   0|    8|          0|
    |lbuf_1_load_44_reg_15767   |    8|   0|    8|          0|
    |lbuf_1_load_450_reg_19827  |    8|   0|    8|          0|
    |lbuf_1_load_451_reg_19832  |    8|   0|    8|          0|
    |lbuf_1_load_452_reg_19847  |    8|   0|    8|          0|
    |lbuf_1_load_453_reg_19852  |    8|   0|    8|          0|
    |lbuf_1_load_454_reg_19867  |    8|   0|    8|          0|
    |lbuf_1_load_455_reg_19872  |    8|   0|    8|          0|
    |lbuf_1_load_456_reg_19887  |    8|   0|    8|          0|
    |lbuf_1_load_457_reg_19892  |    8|   0|    8|          0|
    |lbuf_1_load_458_reg_19907  |    8|   0|    8|          0|
    |lbuf_1_load_459_reg_19912  |    8|   0|    8|          0|
    |lbuf_1_load_45_reg_15772   |    8|   0|    8|          0|
    |lbuf_1_load_460_reg_19927  |    8|   0|    8|          0|
    |lbuf_1_load_461_reg_19932  |    8|   0|    8|          0|
    |lbuf_1_load_462_reg_19947  |    8|   0|    8|          0|
    |lbuf_1_load_463_reg_19952  |    8|   0|    8|          0|
    |lbuf_1_load_464_reg_19967  |    8|   0|    8|          0|
    |lbuf_1_load_465_reg_19972  |    8|   0|    8|          0|
    |lbuf_1_load_466_reg_19987  |    8|   0|    8|          0|
    |lbuf_1_load_467_reg_19992  |    8|   0|    8|          0|
    |lbuf_1_load_468_reg_20007  |    8|   0|    8|          0|
    |lbuf_1_load_469_reg_20012  |    8|   0|    8|          0|
    |lbuf_1_load_46_reg_15787   |    8|   0|    8|          0|
    |lbuf_1_load_470_reg_20027  |    8|   0|    8|          0|
    |lbuf_1_load_471_reg_20032  |    8|   0|    8|          0|
    |lbuf_1_load_472_reg_20047  |    8|   0|    8|          0|
    |lbuf_1_load_473_reg_20052  |    8|   0|    8|          0|
    |lbuf_1_load_474_reg_20067  |    8|   0|    8|          0|
    |lbuf_1_load_475_reg_20072  |    8|   0|    8|          0|
    |lbuf_1_load_476_reg_20087  |    8|   0|    8|          0|
    |lbuf_1_load_477_reg_20092  |    8|   0|    8|          0|
    |lbuf_1_load_478_reg_20107  |    8|   0|    8|          0|
    |lbuf_1_load_479_reg_20112  |    8|   0|    8|          0|
    |lbuf_1_load_47_reg_15792   |    8|   0|    8|          0|
    |lbuf_1_load_480_reg_20127  |    8|   0|    8|          0|
    |lbuf_1_load_481_reg_20132  |    8|   0|    8|          0|
    |lbuf_1_load_482_reg_20147  |    8|   0|    8|          0|
    |lbuf_1_load_483_reg_20152  |    8|   0|    8|          0|
    |lbuf_1_load_484_reg_20167  |    8|   0|    8|          0|
    |lbuf_1_load_485_reg_20172  |    8|   0|    8|          0|
    |lbuf_1_load_486_reg_20187  |    8|   0|    8|          0|
    |lbuf_1_load_487_reg_20192  |    8|   0|    8|          0|
    |lbuf_1_load_488_reg_20207  |    8|   0|    8|          0|
    |lbuf_1_load_489_reg_20212  |    8|   0|    8|          0|
    |lbuf_1_load_48_reg_15807   |    8|   0|    8|          0|
    |lbuf_1_load_490_reg_20227  |    8|   0|    8|          0|
    |lbuf_1_load_491_reg_20232  |    8|   0|    8|          0|
    |lbuf_1_load_492_reg_20247  |    8|   0|    8|          0|
    |lbuf_1_load_493_reg_20252  |    8|   0|    8|          0|
    |lbuf_1_load_494_reg_20267  |    8|   0|    8|          0|
    |lbuf_1_load_495_reg_20272  |    8|   0|    8|          0|
    |lbuf_1_load_496_reg_20287  |    8|   0|    8|          0|
    |lbuf_1_load_497_reg_20292  |    8|   0|    8|          0|
    |lbuf_1_load_498_reg_20307  |    8|   0|    8|          0|
    |lbuf_1_load_499_reg_20312  |    8|   0|    8|          0|
    |lbuf_1_load_49_reg_15812   |    8|   0|    8|          0|
    |lbuf_1_load_4_reg_15367    |    8|   0|    8|          0|
    |lbuf_1_load_500_reg_20327  |    8|   0|    8|          0|
    |lbuf_1_load_501_reg_20332  |    8|   0|    8|          0|
    |lbuf_1_load_502_reg_20347  |    8|   0|    8|          0|
    |lbuf_1_load_503_reg_20352  |    8|   0|    8|          0|
    |lbuf_1_load_504_reg_20367  |    8|   0|    8|          0|
    |lbuf_1_load_505_reg_20372  |    8|   0|    8|          0|
    |lbuf_1_load_50_reg_15827   |    8|   0|    8|          0|
    |lbuf_1_load_51_reg_15832   |    8|   0|    8|          0|
    |lbuf_1_load_52_reg_15847   |    8|   0|    8|          0|
    |lbuf_1_load_53_reg_15852   |    8|   0|    8|          0|
    |lbuf_1_load_54_reg_15867   |    8|   0|    8|          0|
    |lbuf_1_load_55_reg_15872   |    8|   0|    8|          0|
    |lbuf_1_load_56_reg_15887   |    8|   0|    8|          0|
    |lbuf_1_load_57_reg_15892   |    8|   0|    8|          0|
    |lbuf_1_load_58_reg_15907   |    8|   0|    8|          0|
    |lbuf_1_load_59_reg_15912   |    8|   0|    8|          0|
    |lbuf_1_load_5_reg_15372    |    8|   0|    8|          0|
    |lbuf_1_load_60_reg_15927   |    8|   0|    8|          0|
    |lbuf_1_load_61_reg_15932   |    8|   0|    8|          0|
    |lbuf_1_load_62_reg_15947   |    8|   0|    8|          0|
    |lbuf_1_load_63_reg_15952   |    8|   0|    8|          0|
    |lbuf_1_load_64_reg_15967   |    8|   0|    8|          0|
    |lbuf_1_load_65_reg_15972   |    8|   0|    8|          0|
    |lbuf_1_load_66_reg_15987   |    8|   0|    8|          0|
    |lbuf_1_load_67_reg_15992   |    8|   0|    8|          0|
    |lbuf_1_load_68_reg_16007   |    8|   0|    8|          0|
    |lbuf_1_load_69_reg_16012   |    8|   0|    8|          0|
    |lbuf_1_load_6_reg_15387    |    8|   0|    8|          0|
    |lbuf_1_load_70_reg_16027   |    8|   0|    8|          0|
    |lbuf_1_load_71_reg_16032   |    8|   0|    8|          0|
    |lbuf_1_load_72_reg_16047   |    8|   0|    8|          0|
    |lbuf_1_load_73_reg_16052   |    8|   0|    8|          0|
    |lbuf_1_load_74_reg_16067   |    8|   0|    8|          0|
    |lbuf_1_load_75_reg_16072   |    8|   0|    8|          0|
    |lbuf_1_load_76_reg_16087   |    8|   0|    8|          0|
    |lbuf_1_load_77_reg_16092   |    8|   0|    8|          0|
    |lbuf_1_load_78_reg_16107   |    8|   0|    8|          0|
    |lbuf_1_load_79_reg_16112   |    8|   0|    8|          0|
    |lbuf_1_load_7_reg_15392    |    8|   0|    8|          0|
    |lbuf_1_load_80_reg_16127   |    8|   0|    8|          0|
    |lbuf_1_load_81_reg_16132   |    8|   0|    8|          0|
    |lbuf_1_load_82_reg_16147   |    8|   0|    8|          0|
    |lbuf_1_load_83_reg_16152   |    8|   0|    8|          0|
    |lbuf_1_load_84_reg_16167   |    8|   0|    8|          0|
    |lbuf_1_load_85_reg_16172   |    8|   0|    8|          0|
    |lbuf_1_load_86_reg_16187   |    8|   0|    8|          0|
    |lbuf_1_load_87_reg_16192   |    8|   0|    8|          0|
    |lbuf_1_load_88_reg_16207   |    8|   0|    8|          0|
    |lbuf_1_load_89_reg_16212   |    8|   0|    8|          0|
    |lbuf_1_load_8_reg_15407    |    8|   0|    8|          0|
    |lbuf_1_load_90_reg_16227   |    8|   0|    8|          0|
    |lbuf_1_load_91_reg_16232   |    8|   0|    8|          0|
    |lbuf_1_load_92_reg_16247   |    8|   0|    8|          0|
    |lbuf_1_load_93_reg_16252   |    8|   0|    8|          0|
    |lbuf_1_load_94_reg_16267   |    8|   0|    8|          0|
    |lbuf_1_load_95_reg_16272   |    8|   0|    8|          0|
    |lbuf_1_load_96_reg_16287   |    8|   0|    8|          0|
    |lbuf_1_load_97_reg_16292   |    8|   0|    8|          0|
    |lbuf_1_load_98_reg_16307   |    8|   0|    8|          0|
    |lbuf_1_load_99_reg_16312   |    8|   0|    8|          0|
    |lbuf_1_load_9_reg_15412    |    8|   0|    8|          0|
    |reg_9391                   |    8|   0|    8|          0|
    |reg_9398                   |    8|   0|    8|          0|
    |reg_9403                   |    8|   0|    8|          0|
    |sin_V_data_V_0_payload_A   |    8|   0|    8|          0|
    |sin_V_data_V_0_payload_B   |    8|   0|    8|          0|
    |sin_V_data_V_0_sel_rd      |    1|   0|    1|          0|
    |sin_V_data_V_0_sel_wr      |    1|   0|    1|          0|
    |sin_V_data_V_0_state       |    2|   0|    2|          0|
    |sin_V_dest_V_0_state       |    2|   0|    2|          0|
    |sout_V_data_V_1_payload_A  |    8|   0|    8|          0|
    |sout_V_data_V_1_payload_B  |    8|   0|    8|          0|
    |sout_V_data_V_1_sel_rd     |    1|   0|    1|          0|
    |sout_V_data_V_1_sel_wr     |    1|   0|    1|          0|
    |sout_V_data_V_1_state      |    2|   0|    2|          0|
    |sout_V_dest_V_1_sel_rd     |    1|   0|    1|          0|
    |sout_V_dest_V_1_state      |    2|   0|    2|          0|
    |sout_V_id_V_1_sel_rd       |    1|   0|    1|          0|
    |sout_V_id_V_1_state        |    2|   0|    2|          0|
    |sout_V_keep_V_1_sel_rd     |    1|   0|    1|          0|
    |sout_V_keep_V_1_state      |    2|   0|    2|          0|
    |sout_V_last_V_1_payload_A  |    1|   0|    1|          0|
    |sout_V_last_V_1_payload_B  |    1|   0|    1|          0|
    |sout_V_last_V_1_sel_rd     |    1|   0|    1|          0|
    |sout_V_last_V_1_sel_wr     |    1|   0|    1|          0|
    |sout_V_last_V_1_state      |    2|   0|    2|          0|
    |sout_V_strb_V_1_sel_rd     |    1|   0|    1|          0|
    |sout_V_strb_V_1_state      |    2|   0|    2|          0|
    |sout_V_user_V_1_sel_rd     |    1|   0|    1|          0|
    |sout_V_user_V_1_state      |    2|   0|    2|          0|
    |tmp2_reg_20387             |   10|   0|   11|          1|
    |tmp3_reg_20392             |    9|   0|   10|          1|
    |tmp4_reg_15332             |   11|   0|   11|          0|
    |tmp_3_reg_20402            |    1|   0|    1|          0|
    |tmp_V_reg_20397            |    8|   0|    8|          0|
    +---------------------------+-----+----+-----+-----------+
    |Total                      | 8868|   0| 8870|          2|
    +---------------------------+-----+----+-----+-----------+



================================================================
== Interface
================================================================
* Summary: 
+-------------+-----+-----+--------------+---------------+--------------+
|  RTL Ports  | Dir | Bits|   Protocol   | Source Object |    C Type    |
+-------------+-----+-----+--------------+---------------+--------------+
|ap_clk       |  in |    1| ap_ctrl_none |    hw_conv    | return value |
|ap_rst_n     |  in |    1| ap_ctrl_none |    hw_conv    | return value |
|sin_TDATA    |  in |    8|     axis     |  sin_V_data_V |    pointer   |
|sin_TVALID   |  in |    1|     axis     |  sin_V_dest_V |    pointer   |
|sin_TREADY   | out |    1|     axis     |  sin_V_dest_V |    pointer   |
|sin_TDEST    |  in |    1|     axis     |  sin_V_dest_V |    pointer   |
|sin_TKEEP    |  in |    1|     axis     |  sin_V_keep_V |    pointer   |
|sin_TSTRB    |  in |    1|     axis     |  sin_V_strb_V |    pointer   |
|sin_TUSER    |  in |    1|     axis     |  sin_V_user_V |    pointer   |
|sin_TLAST    |  in |    1|     axis     |  sin_V_last_V |    pointer   |
|sin_TID      |  in |    1|     axis     |   sin_V_id_V  |    pointer   |
|sout_TDATA   | out |    8|     axis     | sout_V_data_V |    pointer   |
|sout_TREADY  |  in |    1|     axis     | sout_V_data_V |    pointer   |
|sout_TVALID  | out |    1|     axis     | sout_V_dest_V |    pointer   |
|sout_TDEST   | out |    1|     axis     | sout_V_dest_V |    pointer   |
|sout_TKEEP   | out |    1|     axis     | sout_V_keep_V |    pointer   |
|sout_TSTRB   | out |    1|     axis     | sout_V_strb_V |    pointer   |
|sout_TUSER   | out |    1|     axis     | sout_V_user_V |    pointer   |
|sout_TLAST   | out |    1|     axis     | sout_V_last_V |    pointer   |
|sout_TID     | out |    1|     axis     |  sout_V_id_V  |    pointer   |
+-------------+-----+-----+--------------+---------------+--------------+

