20:21:05 **** Build of project Lab_2_bsp ****
make -k all 
"Running Make include in ps7_cortexa9_0/libsrc/coresightps_dcc_v1_4/src"
make -C ps7_cortexa9_0/libsrc/coresightps_dcc_v1_4/src -s include  "SHELL=CMD" "COMPILER=arm-none-eabi-gcc" "ARCHIVER=arm-none-eabi-ar" "COMPILER_FLAGS=  -O2 -c" "EXTRA_COMPILER_FLAGS=-mcpu=cortex-a9 -mfpu=vfpv3 -mfloat-abi=hard -nostartfiles -g -Wall -Wextra"
"Running Make include in ps7_cortexa9_0/libsrc/cpu_cortexa9_v2_7/src"
make -C ps7_cortexa9_0/libsrc/cpu_cortexa9_v2_7/src -s include  "SHELL=CMD" "COMPILER=arm-none-eabi-gcc" "ARCHIVER=arm-none-eabi-ar" "COMPILER_FLAGS=  -O2 -c" "EXTRA_COMPILER_FLAGS=-mcpu=cortex-a9 -mfpu=vfpv3 -mfloat-abi=hard -nostartfiles -g -Wall -Wextra"
"Running Make include in ps7_cortexa9_0/libsrc/ddrps_v1_0/src"
make -C ps7_cortexa9_0/libsrc/ddrps_v1_0/src -s include  "SHELL=CMD" "COMPILER=arm-none-eabi-gcc" "ARCHIVER=arm-none-eabi-ar" "COMPILER_FLAGS=  -O2 -c" "EXTRA_COMPILER_FLAGS=-mcpu=cortex-a9 -mfpu=vfpv3 -mfloat-abi=hard -nostartfiles -g -Wall -Wextra"
"Running Make include in ps7_cortexa9_0/libsrc/devcfg_v3_5/src"
make -C ps7_cortexa9_0/libsrc/devcfg_v3_5/src -s include  "SHELL=CMD" "COMPILER=arm-none-eabi-gcc" "ARCHIVER=arm-none-eabi-ar" "COMPILER_FLAGS=  -O2 -c" "EXTRA_COMPILER_FLAGS=-mcpu=cortex-a9 -mfpu=vfpv3 -mfloat-abi=hard -nostartfiles -g -Wall -Wextra"
"Running Make include in ps7_cortexa9_0/libsrc/dmaps_v2_4/src"
make -C ps7_cortexa9_0/libsrc/dmaps_v2_4/src -s include  "SHELL=CMD" "COMPILER=arm-none-eabi-gcc" "ARCHIVER=arm-none-eabi-ar" "COMPILER_FLAGS=  -O2 -c" "EXTRA_COMPILER_FLAGS=-mcpu=cortex-a9 -mfpu=vfpv3 -mfloat-abi=hard -nostartfiles -g -Wall -Wextra"
"Running Make include in ps7_cortexa9_0/libsrc/emacps_v3_8/src"
make -C ps7_cortexa9_0/libsrc/emacps_v3_8/src -s include  "SHELL=CMD" "COMPILER=arm-none-eabi-gcc" "ARCHIVER=arm-none-eabi-ar" "COMPILER_FLAGS=  -O2 -c" "EXTRA_COMPILER_FLAGS=-mcpu=cortex-a9 -mfpu=vfpv3 -mfloat-abi=hard -nostartfiles -g -Wall -Wextra"
"Running Make include in ps7_cortexa9_0/libsrc/gpiops_v3_4/src"
make -C ps7_cortexa9_0/libsrc/gpiops_v3_4/src -s include  "SHELL=CMD" "COMPILER=arm-none-eabi-gcc" "ARCHIVER=arm-none-eabi-ar" "COMPILER_FLAGS=  -O2 -c" "EXTRA_COMPILER_FLAGS=-mcpu=cortex-a9 -mfpu=vfpv3 -mfloat-abi=hard -nostartfiles -g -Wall -Wextra"
"Running Make include in ps7_cortexa9_0/libsrc/qspips_v3_5/src"
make -C ps7_cortexa9_0/libsrc/qspips_v3_5/src -s include  "SHELL=CMD" "COMPILER=arm-none-eabi-gcc" "ARCHIVER=arm-none-eabi-ar" "COMPILER_FLAGS=  -O2 -c" "EXTRA_COMPILER_FLAGS=-mcpu=cortex-a9 -mfpu=vfpv3 -mfloat-abi=hard -nostartfiles -g -Wall -Wextra"
"Running Make include in ps7_cortexa9_0/libsrc/scugic_v3_10/src"
make -C ps7_cortexa9_0/libsrc/scugic_v3_10/src -s include  "SHELL=CMD" "COMPILER=arm-none-eabi-gcc" "ARCHIVER=arm-none-eabi-ar" "COMPILER_FLAGS=  -O2 -c" "EXTRA_COMPILER_FLAGS=-mcpu=cortex-a9 -mfpu=vfpv3 -mfloat-abi=hard -nostartfiles -g -Wall -Wextra"
"Running Make include in ps7_cortexa9_0/libsrc/scutimer_v2_1/src"
make -C ps7_cortexa9_0/libsrc/scutimer_v2_1/src -s include  "SHELL=CMD" "COMPILER=arm-none-eabi-gcc" "ARCHIVER=arm-none-eabi-ar" "COMPILER_FLAGS=  -O2 -c" "EXTRA_COMPILER_FLAGS=-mcpu=cortex-a9 -mfpu=vfpv3 -mfloat-abi=hard -nostartfiles -g -Wall -Wextra"
"Running Make include in ps7_cortexa9_0/libsrc/scuwdt_v2_1/src"
make -C ps7_cortexa9_0/libsrc/scuwdt_v2_1/src -s include  "SHELL=CMD" "COMPILER=arm-none-eabi-gcc" "ARCHIVER=arm-none-eabi-ar" "COMPILER_FLAGS=  -O2 -c" "EXTRA_COMPILER_FLAGS=-mcpu=cortex-a9 -mfpu=vfpv3 -mfloat-abi=hard -nostartfiles -g -Wall -Wextra"
"Running Make include in ps7_cortexa9_0/libsrc/sdps_v3_6/src"
make -C ps7_cortexa9_0/libsrc/sdps_v3_6/src -s include  "SHELL=CMD" "COMPILER=arm-none-eabi-gcc" "ARCHIVER=arm-none-eabi-ar" "COMPILER_FLAGS=  -O2 -c" "EXTRA_COMPILER_FLAGS=-mcpu=cortex-a9 -mfpu=vfpv3 -mfloat-abi=hard -nostartfiles -g -Wall -Wextra"
"Running Make include in ps7_cortexa9_0/libsrc/standalone_v6_8/src"
make -C ps7_cortexa9_0/libsrc/standalone_v6_8/src -s include  "SHELL=CMD" "COMPILER=arm-none-eabi-gcc" "ARCHIVER=arm-none-eabi-ar" "COMPILER_FLAGS=  -O2 -c" "EXTRA_COMPILER_FLAGS=-mcpu=cortex-a9 -mfpu=vfpv3 -mfloat-abi=hard -nostartfiles -g -Wall -Wextra"
"Running Make include in ps7_cortexa9_0/libsrc/uartps_v3_7/src"
make -C ps7_cortexa9_0/libsrc/uartps_v3_7/src -s include  "SHELL=CMD" "COMPILER=arm-none-eabi-gcc" "ARCHIVER=arm-none-eabi-ar" "COMPILER_FLAGS=  -O2 -c" "EXTRA_COMPILER_FLAGS=-mcpu=cortex-a9 -mfpu=vfpv3 -mfloat-abi=hard -nostartfiles -g -Wall -Wextra"
"Running Make include in ps7_cortexa9_0/libsrc/usbps_v2_4/src"
make -C ps7_cortexa9_0/libsrc/usbps_v2_4/src -s include  "SHELL=CMD" "COMPILER=arm-none-eabi-gcc" "ARCHIVER=arm-none-eabi-ar" "COMPILER_FLAGS=  -O2 -c" "EXTRA_COMPILER_FLAGS=-mcpu=cortex-a9 -mfpu=vfpv3 -mfloat-abi=hard -nostartfiles -g -Wall -Wextra"
"Running Make include in ps7_cortexa9_0/libsrc/xadcps_v2_3/src"
make -C ps7_cortexa9_0/libsrc/xadcps_v2_3/src -s include  "SHELL=CMD" "COMPILER=arm-none-eabi-gcc" "ARCHIVER=arm-none-eabi-ar" "COMPILER_FLAGS=  -O2 -c" "EXTRA_COMPILER_FLAGS=-mcpu=cortex-a9 -mfpu=vfpv3 -mfloat-abi=hard -nostartfiles -g -Wall -Wextra"
"Running Make libs in ps7_cortexa9_0/libsrc/coresightps_dcc_v1_4/src"
make -C ps7_cortexa9_0/libsrc/coresightps_dcc_v1_4/src -s libs  "SHELL=CMD" "COMPILER=arm-none-eabi-gcc" "ARCHIVER=arm-none-eabi-ar" "COMPILER_FLAGS=  -O2 -c" "EXTRA_COMPILER_FLAGS=-mcpu=cortex-a9 -mfpu=vfpv3 -mfloat-abi=hard -nostartfiles -g -Wall -Wextra"
"Compiling coresightps_dcc"
arm-none-eabi-ar: creating ../../../lib/libxil.a
"Running Make libs in ps7_cortexa9_0/libsrc/cpu_cortexa9_v2_7/src"
make -C ps7_cortexa9_0/libsrc/cpu_cortexa9_v2_7/src -s libs  "SHELL=CMD" "COMPILER=arm-none-eabi-gcc" "ARCHIVER=arm-none-eabi-ar" "COMPILER_FLAGS=  -O2 -c" "EXTRA_COMPILER_FLAGS=-mcpu=cortex-a9 -mfpu=vfpv3 -mfloat-abi=hard -nostartfiles -g -Wall -Wextra"
"Compiling cpu_cortexa9"
"Running Make libs in ps7_cortexa9_0/libsrc/ddrps_v1_0/src"
make -C ps7_cortexa9_0/libsrc/ddrps_v1_0/src -s libs  "SHELL=CMD" "COMPILER=arm-none-eabi-gcc" "ARCHIVER=arm-none-eabi-ar" "COMPILER_FLAGS=  -O2 -c" "EXTRA_COMPILER_FLAGS=-mcpu=cortex-a9 -mfpu=vfpv3 -mfloat-abi=hard -nostartfiles -g -Wall -Wextra"
"Compiling ddrps"
"Running Make libs in ps7_cortexa9_0/libsrc/devcfg_v3_5/src"
make -C ps7_cortexa9_0/libsrc/devcfg_v3_5/src -s libs  "SHELL=CMD" "COMPILER=arm-none-eabi-gcc" "ARCHIVER=arm-none-eabi-ar" "COMPILER_FLAGS=  -O2 -c" "EXTRA_COMPILER_FLAGS=-mcpu=cortex-a9 -mfpu=vfpv3 -mfloat-abi=hard -nostartfiles -g -Wall -Wextra"
"Compiling devcfg"
"Running Make libs in ps7_cortexa9_0/libsrc/dmaps_v2_4/src"
make -C ps7_cortexa9_0/libsrc/dmaps_v2_4/src -s libs  "SHELL=CMD" "COMPILER=arm-none-eabi-gcc" "ARCHIVER=arm-none-eabi-ar" "COMPILER_FLAGS=  -O2 -c" "EXTRA_COMPILER_FLAGS=-mcpu=cortex-a9 -mfpu=vfpv3 -mfloat-abi=hard -nostartfiles -g -Wall -Wextra"
"Compiling dmaps"
"Running Make libs in ps7_cortexa9_0/libsrc/emacps_v3_8/src"
make -C ps7_cortexa9_0/libsrc/emacps_v3_8/src -s libs  "SHELL=CMD" "COMPILER=arm-none-eabi-gcc" "ARCHIVER=arm-none-eabi-ar" "COMPILER_FLAGS=  -O2 -c" "EXTRA_COMPILER_FLAGS=-mcpu=cortex-a9 -mfpu=vfpv3 -mfloat-abi=hard -nostartfiles -g -Wall -Wextra"
"Compiling emacps"
"Running Make libs in ps7_cortexa9_0/libsrc/gpiops_v3_4/src"
make -C ps7_cortexa9_0/libsrc/gpiops_v3_4/src -s libs  "SHELL=CMD" "COMPILER=arm-none-eabi-gcc" "ARCHIVER=arm-none-eabi-ar" "COMPILER_FLAGS=  -O2 -c" "EXTRA_COMPILER_FLAGS=-mcpu=cortex-a9 -mfpu=vfpv3 -mfloat-abi=hard -nostartfiles -g -Wall -Wextra"
"Compiling gpiops"
"Running Make libs in ps7_cortexa9_0/libsrc/qspips_v3_5/src"
make -C ps7_cortexa9_0/libsrc/qspips_v3_5/src -s libs  "SHELL=CMD" "COMPILER=arm-none-eabi-gcc" "ARCHIVER=arm-none-eabi-ar" "COMPILER_FLAGS=  -O2 -c" "EXTRA_COMPILER_FLAGS=-mcpu=cortex-a9 -mfpu=vfpv3 -mfloat-abi=hard -nostartfiles -g -Wall -Wextra"
"Compiling qspips"
"Running Make libs in ps7_cortexa9_0/libsrc/scugic_v3_10/src"
make -C ps7_cortexa9_0/libsrc/scugic_v3_10/src -s libs  "SHELL=CMD" "COMPILER=arm-none-eabi-gcc" "ARCHIVER=arm-none-eabi-ar" "COMPILER_FLAGS=  -O2 -c" "EXTRA_COMPILER_FLAGS=-mcpu=cortex-a9 -mfpu=vfpv3 -mfloat-abi=hard -nostartfiles -g -Wall -Wextra"
"Compiling scugic"
"Running Make libs in ps7_cortexa9_0/libsrc/scutimer_v2_1/src"
make -C ps7_cortexa9_0/libsrc/scutimer_v2_1/src -s libs  "SHELL=CMD" "COMPILER=arm-none-eabi-gcc" "ARCHIVER=arm-none-eabi-ar" "COMPILER_FLAGS=  -O2 -c" "EXTRA_COMPILER_FLAGS=-mcpu=cortex-a9 -mfpu=vfpv3 -mfloat-abi=hard -nostartfiles -g -Wall -Wextra"
"Compiling scutimer"
"Running Make libs in ps7_cortexa9_0/libsrc/scuwdt_v2_1/src"
make -C ps7_cortexa9_0/libsrc/scuwdt_v2_1/src -s libs  "SHELL=CMD" "COMPILER=arm-none-eabi-gcc" "ARCHIVER=arm-none-eabi-ar" "COMPILER_FLAGS=  -O2 -c" "EXTRA_COMPILER_FLAGS=-mcpu=cortex-a9 -mfpu=vfpv3 -mfloat-abi=hard -nostartfiles -g -Wall -Wextra"
"Compiling scuwdt"
"Running Make libs in ps7_cortexa9_0/libsrc/sdps_v3_6/src"
make -C ps7_cortexa9_0/libsrc/sdps_v3_6/src -s libs  "SHELL=CMD" "COMPILER=arm-none-eabi-gcc" "ARCHIVER=arm-none-eabi-ar" "COMPILER_FLAGS=  -O2 -c" "EXTRA_COMPILER_FLAGS=-mcpu=cortex-a9 -mfpu=vfpv3 -mfloat-abi=hard -nostartfiles -g -Wall -Wextra"
"Compiling sdps"
"Running Make libs in ps7_cortexa9_0/libsrc/standalone_v6_8/src"
make -C ps7_cortexa9_0/libsrc/standalone_v6_8/src -s libs  "SHELL=CMD" "COMPILER=arm-none-eabi-gcc" "ARCHIVER=arm-none-eabi-ar" "COMPILER_FLAGS=  -O2 -c" "EXTRA_COMPILER_FLAGS=-mcpu=cortex-a9 -mfpu=vfpv3 -mfloat-abi=hard -nostartfiles -g -Wall -Wextra"
"Compiling standalone"
In file included from usleep.c:56:0:
xtime_l.h:87:9: note: #pragma message: For the sleep routines, Global timer is being used
 #pragma message ("For the sleep routines, Global timer is being used")
         ^~~~~~~
In file included from xil_sleeptimer.c:51:0:
xtime_l.h:87:9: note: #pragma message: For the sleep routines, Global timer is being used
 #pragma message ("For the sleep routines, Global timer is being used")
         ^~~~~~~
In file included from xtime_l.c:49:0:
xtime_l.h:87:9: note: #pragma message: For the sleep routines, Global timer is being used
 #pragma message ("For the sleep routines, Global timer is being used")
         ^~~~~~~
In file included from sleep.c:53:0:
xtime_l.h:87:9: note: #pragma message: For the sleep routines, Global timer is being used
 #pragma message ("For the sleep routines, Global timer is being used")
         ^~~~~~~
"Running Make libs in ps7_cortexa9_0/libsrc/uartps_v3_7/src"
make -C ps7_cortexa9_0/libsrc/uartps_v3_7/src -s libs  "SHELL=CMD" "COMPILER=arm-none-eabi-gcc" "ARCHIVER=arm-none-eabi-ar" "COMPILER_FLAGS=  -O2 -c" "EXTRA_COMPILER_FLAGS=-mcpu=cortex-a9 -mfpu=vfpv3 -mfloat-abi=hard -nostartfiles -g -Wall -Wextra"
"Compiling uartps"
"Running Make libs in ps7_cortexa9_0/libsrc/usbps_v2_4/src"
make -C ps7_cortexa9_0/libsrc/usbps_v2_4/src -s libs  "SHELL=CMD" "COMPILER=arm-none-eabi-gcc" "ARCHIVER=arm-none-eabi-ar" "COMPILER_FLAGS=  -O2 -c" "EXTRA_COMPILER_FLAGS=-mcpu=cortex-a9 -mfpu=vfpv3 -mfloat-abi=hard -nostartfiles -g -Wall -Wextra"
"Compiling usbps"
"Running Make libs in ps7_cortexa9_0/libsrc/xadcps_v2_3/src"
make -C ps7_cortexa9_0/libsrc/xadcps_v2_3/src -s libs  "SHELL=CMD" "COMPILER=arm-none-eabi-gcc" "ARCHIVER=arm-none-eabi-ar" "COMPILER_FLAGS=  -O2 -c" "EXTRA_COMPILER_FLAGS=-mcpu=cortex-a9 -mfpu=vfpv3 -mfloat-abi=hard -nostartfiles -g -Wall -Wextra"
"Compiling xadcps"
'Finished building libraries'
20:21:54 **** Build of configuration Debug for project Lab_2 ****
make pre-build main-build 
a9-linaro-pre-build-step
' '
'Building file: ../ALU.c'
'Invoking: ARM v7 gcc compiler'
arm-none-eabi-gcc -Wall -O0 -g3 -c -fmessage-length=0 -MT"ALU.o" -mcpu=cortex-a9 -mfpu=vfpv3 -mfloat-abi=hard -I../../Lab_2_bsp/ps7_cortexa9_0/include -MMD -MP -MF"ALU.d" -MT"ALU.o" -o "ALU.o" "../ALU.c"
'Finished building: ../ALU.c'
' '
'Building target: Lab_2.elf'
'Invoking: ARM v7 gcc linker'
arm-none-eabi-gcc -mcpu=cortex-a9 -mfpu=vfpv3 -mfloat-abi=hard -Wl,-build-id=none -specs=Xilinx.spec -Wl,-T -Wl,../src/lscript.ld -L../../Lab_2_bsp/ps7_cortexa9_0/lib -o "Lab_2.elf"  ./ALU.o   -Wl,--start-group,-lxil,-lgcc,-lc,--end-group
../../Lab_2_bsp/ps7_cortexa9_0/lib\libxil.a(xil-crt0.o): In function `_start':
C:\ece1195\labs\lab2\Lab_2\Lab_2.sdk\Lab_2_bsp\ps7_cortexa9_0\libsrc\standalone_v6_8\src/xil-crt0.S:138: undefined reference to `main'
collect2.exe: error: ld returned 1 exit status
make: *** [makefile:40: Lab_2.elf] Error 1
20:22:44 **** Auto Build of configuration Debug for project Lab_2 ****
make pre-build main-build 
a9-linaro-pre-build-step
' '
'Building file: ../ALU.c'
'Invoking: ARM v7 gcc compiler'
arm-none-eabi-gcc -Wall -O0 -g3 -c -fmessage-length=0 -MT"ALU.o" -mcpu=cortex-a9 -mfpu=vfpv3 -mfloat-abi=hard -I../../Lab_2_bsp/ps7_cortexa9_0/include -MMD -MP -MF"ALU.d" -MT"ALU.o" -o "ALU.o" "../ALU.c"
../ALU.c: In function 'main':
../ALU.c:4:12: warning: unused variable 'regmap' [-Wunused-variable]
  uint32_t *regmap = (uint32_t *) 0x70000000;
            ^~~~~~
'Finished building: ../ALU.c'
' '
'Building target: Lab_2.elf'
'Invoking: ARM v7 gcc linker'
arm-none-eabi-gcc -mcpu=cortex-a9 -mfpu=vfpv3 -mfloat-abi=hard -Wl,-build-id=none -specs=Xilinx.spec -Wl,-T -Wl,../src/lscript.ld -L../../Lab_2_bsp/ps7_cortexa9_0/lib -o "Lab_2.elf"  ./ALU.o   -Wl,--start-group,-lxil,-lgcc,-lc,--end-group
'Finished building target: Lab_2.elf'
' '
'Invoking: ARM v7 Print Size'
arm-none-eabi-size Lab_2.elf  |tee "Lab_2.elf.size"
   text	   data	    bss	    dec	    hex	filename
  19028	   1144	  22568	  42740	   a6f4	Lab_2.elf
'Finished building: Lab_2.elf.size'
' '
11:20:09 **** Auto Build of configuration Debug for project Lab_2 ****
make pre-build main-build 
a9-linaro-pre-build-step
' '
'Building file: ../ALU.c'
'Invoking: ARM v7 gcc compiler'
arm-none-eabi-gcc -Wall -O0 -g3 -c -fmessage-length=0 -MT"ALU.o" -mcpu=cortex-a9 -mfpu=vfpv3 -mfloat-abi=hard -I../../Lab_2_bsp/ps7_cortexa9_0/include -MMD -MP -MF"ALU.d" -MT"ALU.o" -o "ALU.o" "../ALU.c"
../ALU.c: In function 'main':
../ALU.c:12:31: warning: suggest parentheses around comparison in operand of '&' [-Wparentheses]
  printf("Bitwise AND: %s", (r == 0x00000001 & 0x00000002 ? "COR" : "ERR"));
                             ~~^~~~~~~~~~~~~
'Finished building: ../ALU.c'
' '
'Building target: Lab_2.elf'
'Invoking: ARM v7 gcc linker'
arm-none-eabi-gcc -mcpu=cortex-a9 -mfpu=vfpv3 -mfloat-abi=hard -Wl,-build-id=none -specs=Xilinx.spec -Wl,-T -Wl,../src/lscript.ld -L../../Lab_2_bsp/ps7_cortexa9_0/lib -o "Lab_2.elf"  ./ALU.o   -Wl,--start-group,-lxil,-lgcc,-lc,--end-group
'Finished building target: Lab_2.elf'
' '
'Invoking: ARM v7 Print Size'
arm-none-eabi-size Lab_2.elf  |tee "Lab_2.elf.size"
   text	   data	    bss	    dec	    hex	filename
  70296	   2580	  23328	  96204	  177cc	Lab_2.elf
'Finished building: Lab_2.elf.size'
' '
11:21:47 **** Incremental Build of configuration Debug for project Lab_2 ****
make pre-build main-build 
a9-linaro-pre-build-step
' '
make: Nothing to be done for 'main-build'.
11:22:21 **** Auto Build of configuration Debug for project Lab_2 ****
make pre-build main-build 
a9-linaro-pre-build-step
' '
'Building file: ../ALU.c'
'Invoking: ARM v7 gcc compiler'
arm-none-eabi-gcc -Wall -O0 -g3 -c -fmessage-length=0 -MT"ALU.o" -mcpu=cortex-a9 -mfpu=vfpv3 -mfloat-abi=hard -I../../Lab_2_bsp/ps7_cortexa9_0/include -MMD -MP -MF"ALU.d" -MT"ALU.o" -o "ALU.o" "../ALU.c"
'Finished building: ../ALU.c'
' '
'Building target: Lab_2.elf'
'Invoking: ARM v7 gcc linker'
arm-none-eabi-gcc -mcpu=cortex-a9 -mfpu=vfpv3 -mfloat-abi=hard -Wl,-build-id=none -specs=Xilinx.spec -Wl,-T -Wl,../src/lscript.ld -L../../Lab_2_bsp/ps7_cortexa9_0/lib -o "Lab_2.elf"  ./ALU.o   -Wl,--start-group,-lxil,-lgcc,-lc,--end-group
'Finished building target: Lab_2.elf'
' '
'Invoking: ARM v7 Print Size'
arm-none-eabi-size Lab_2.elf  |tee "Lab_2.elf.size"
   text	   data	    bss	    dec	    hex	filename
  70360	   2580	  23328	  96268	  1780c	Lab_2.elf
'Finished building: Lab_2.elf.size'
' '
11:22:34 **** Incremental Build of configuration Debug for project Lab_2 ****
make pre-build main-build 
a9-linaro-pre-build-step
' '
make: Nothing to be done for 'main-build'.
11:22:53 **** Auto Build of configuration Debug for project Lab_2 ****
make pre-build main-build 
a9-linaro-pre-build-step
' '
'Building file: ../ALU.c'
'Invoking: ARM v7 gcc compiler'
arm-none-eabi-gcc -Wall -O0 -g3 -c -fmessage-length=0 -MT"ALU.o" -mcpu=cortex-a9 -mfpu=vfpv3 -mfloat-abi=hard -I../../Lab_2_bsp/ps7_cortexa9_0/include -MMD -MP -MF"ALU.d" -MT"ALU.o" -o "ALU.o" "../ALU.c"
'Finished building: ../ALU.c'
' '
'Building target: Lab_2.elf'
'Invoking: ARM v7 gcc linker'
arm-none-eabi-gcc -mcpu=cortex-a9 -mfpu=vfpv3 -mfloat-abi=hard -Wl,-build-id=none -specs=Xilinx.spec -Wl,-T -Wl,../src/lscript.ld -L../../Lab_2_bsp/ps7_cortexa9_0/lib -o "Lab_2.elf"  ./ALU.o   -Wl,--start-group,-lxil,-lgcc,-lc,--end-group
'Finished building target: Lab_2.elf'
' '
'Invoking: ARM v7 Print Size'
arm-none-eabi-size Lab_2.elf  |tee "Lab_2.elf.size"
   text	   data	    bss	    dec	    hex	filename
  70368	   2580	  23328	  96276	  17814	Lab_2.elf
'Finished building: Lab_2.elf.size'
' '
11:23:07 **** Auto Build of configuration Debug for project Lab_2 ****
make pre-build main-build 
a9-linaro-pre-build-step
' '
'Building file: ../ALU.c'
'Invoking: ARM v7 gcc compiler'
arm-none-eabi-gcc -Wall -O0 -g3 -c -fmessage-length=0 -MT"ALU.o" -mcpu=cortex-a9 -mfpu=vfpv3 -mfloat-abi=hard -I../../Lab_2_bsp/ps7_cortexa9_0/include -MMD -MP -MF"ALU.d" -MT"ALU.o" -o "ALU.o" "../ALU.c"
'Finished building: ../ALU.c'
' '
'Building target: Lab_2.elf'
'Invoking: ARM v7 gcc linker'
arm-none-eabi-gcc -mcpu=cortex-a9 -mfpu=vfpv3 -mfloat-abi=hard -Wl,-build-id=none -specs=Xilinx.spec -Wl,-T -Wl,../src/lscript.ld -L../../Lab_2_bsp/ps7_cortexa9_0/lib -o "Lab_2.elf"  ./ALU.o   -Wl,--start-group,-lxil,-lgcc,-lc,--end-group
'Finished building target: Lab_2.elf'
' '
'Invoking: ARM v7 Print Size'
arm-none-eabi-size Lab_2.elf  |tee "Lab_2.elf.size"
   text	   data	    bss	    dec	    hex	filename
  70368	   2580	  23328	  96276	  17814	Lab_2.elf
'Finished building: Lab_2.elf.size'
' '
11:23:14 **** Incremental Build of configuration Debug for project Lab_2 ****
make pre-build main-build 
a9-linaro-pre-build-step
' '
make: Nothing to be done for 'main-build'.
11:33:30 **** Auto Build of configuration Debug for project Lab_2 ****
make pre-build main-build 
a9-linaro-pre-build-step
' '
'Building file: ../ALU.c'
'Invoking: ARM v7 gcc compiler'
arm-none-eabi-gcc -Wall -O0 -g3 -c -fmessage-length=0 -MT"ALU.o" -mcpu=cortex-a9 -mfpu=vfpv3 -mfloat-abi=hard -I../../Lab_2_bsp/ps7_cortexa9_0/include -MMD -MP -MF"ALU.d" -MT"ALU.o" -o "ALU.o" "../ALU.c"
../ALU.c: In function 'main':
../ALU.c:19:11: error: redefinition of 'r'
  uint32_t r = regmap[0];
           ^
../ALU.c:11:11: note: previous definition of 'r' was here
  uint32_t r = regmap[0];
           ^
../ALU.c:27:11: error: redefinition of 'r'
  uint32_t r = regmap[0];
           ^
../ALU.c:19:11: note: previous definition of 'r' was here
  uint32_t r = regmap[0];
           ^
../ALU.c:35:11: error: redefinition of 'r'
  uint32_t r = regmap[0];
           ^
../ALU.c:27:11: note: previous definition of 'r' was here
  uint32_t r = regmap[0];
           ^
make: *** [subdir.mk:20: ALU.o] Error 1
11:33:40 **** Auto Build of configuration Debug for project Lab_2 ****
make pre-build main-build 
a9-linaro-pre-build-step
' '
'Building file: ../ALU.c'
'Invoking: ARM v7 gcc compiler'
arm-none-eabi-gcc -Wall -O0 -g3 -c -fmessage-length=0 -MT"ALU.o" -mcpu=cortex-a9 -mfpu=vfpv3 -mfloat-abi=hard -I../../Lab_2_bsp/ps7_cortexa9_0/include -MMD -MP -MF"ALU.d" -MT"ALU.o" -o "ALU.o" "../ALU.c"
'Finished building: ../ALU.c'
' '
'Building target: Lab_2.elf'
'Invoking: ARM v7 gcc linker'
arm-none-eabi-gcc -mcpu=cortex-a9 -mfpu=vfpv3 -mfloat-abi=hard -Wl,-build-id=none -specs=Xilinx.spec -Wl,-T -Wl,../src/lscript.ld -L../../Lab_2_bsp/ps7_cortexa9_0/lib -o "Lab_2.elf"  ./ALU.o   -Wl,--start-group,-lxil,-lgcc,-lc,--end-group
'Finished building target: Lab_2.elf'
' '
'Invoking: ARM v7 Print Size'
arm-none-eabi-size Lab_2.elf  |tee "Lab_2.elf.size"
   text	   data	    bss	    dec	    hex	filename
  70744	   2580	  23328	  96652	  1798c	Lab_2.elf
'Finished building: Lab_2.elf.size'
' '
11:33:50 **** Incremental Build of configuration Debug for project Lab_2 ****
make pre-build main-build 
a9-linaro-pre-build-step
' '
make: Nothing to be done for 'main-build'.
11:36:31 **** Auto Build of configuration Debug for project Lab_2 ****
make pre-build main-build 
a9-linaro-pre-build-step
' '
'Building file: ../ALU.c'
'Invoking: ARM v7 gcc compiler'
arm-none-eabi-gcc -Wall -O0 -g3 -c -fmessage-length=0 -MT"ALU.o" -mcpu=cortex-a9 -mfpu=vfpv3 -mfloat-abi=hard -I../../Lab_2_bsp/ps7_cortexa9_0/include -MMD -MP -MF"ALU.d" -MT"ALU.o" -o "ALU.o" "../ALU.c"
../ALU.c: In function 'main':
../ALU.c:44:37: warning: assignment makes integer from pointer without a cast [-Wint-conversion]
  printf("Signed addition: %s\n", (r = 0xEDCDBACD ? "COR" : "ERR"));
                                     ^
../ALU.c:44:28: warning: format '%s' expects argument of type 'char *', but argument 2 has type 'uint32_t {aka long unsigned int}' [-Wformat=]
  printf("Signed addition: %s\n", (r = 0xEDCDBACD ? "COR" : "ERR"));
                           ~^     ~~~~~~~~~~~~~~~~~~~~~~~~~~~~~~~~
                           %ld
'Finished building: ../ALU.c'
' '
'Building target: Lab_2.elf'
'Invoking: ARM v7 gcc linker'
arm-none-eabi-gcc -mcpu=cortex-a9 -mfpu=vfpv3 -mfloat-abi=hard -Wl,-build-id=none -specs=Xilinx.spec -Wl,-T -Wl,../src/lscript.ld -L../../Lab_2_bsp/ps7_cortexa9_0/lib -o "Lab_2.elf"  ./ALU.o   -Wl,--start-group,-lxil,-lgcc,-lc,--end-group
'Finished building target: Lab_2.elf'
' '
'Invoking: ARM v7 Print Size'
arm-none-eabi-size Lab_2.elf  |tee "Lab_2.elf.size"
   text	   data	    bss	    dec	    hex	filename
  70896	   2580	  23328	  96804	  17a24	Lab_2.elf
'Finished building: Lab_2.elf.size'
' '
11:37:13 **** Auto Build of configuration Debug for project Lab_2 ****
make pre-build main-build 
a9-linaro-pre-build-step
' '
'Building file: ../ALU.c'
'Invoking: ARM v7 gcc compiler'
arm-none-eabi-gcc -Wall -O0 -g3 -c -fmessage-length=0 -MT"ALU.o" -mcpu=cortex-a9 -mfpu=vfpv3 -mfloat-abi=hard -I../../Lab_2_bsp/ps7_cortexa9_0/include -MMD -MP -MF"ALU.d" -MT"ALU.o" -o "ALU.o" "../ALU.c"
../ALU.c: In function 'main':
../ALU.c:44:37: warning: assignment makes integer from pointer without a cast [-Wint-conversion]
  printf("Signed addition: %s\n", (r = 0xEDCDBACD ? "COR" : "ERR"));
                                     ^
../ALU.c:44:28: warning: format '%s' expects argument of type 'char *', but argument 2 has type 'uint32_t {aka long unsigned int}' [-Wformat=]
  printf("Signed addition: %s\n", (r = 0xEDCDBACD ? "COR" : "ERR"));
                           ~^     ~~~~~~~~~~~~~~~~~~~~~~~~~~~~~~~~
                           %ld
../ALU.c:52:37: warning: assignment makes integer from pointer without a cast [-Wint-conversion]
  printf("Signed addition: %s\n", (r = 0xFFFFFFFF ? "COR" : "ERR"));
                                     ^
../ALU.c:52:28: warning: format '%s' expects argument of type 'char *', but argument 2 has type 'uint32_t {aka long unsigned int}' [-Wformat=]
  printf("Signed addition: %s\n", (r = 0xFFFFFFFF ? "COR" : "ERR"));
                           ~^     ~~~~~~~~~~~~~~~~~~~~~~~~~~~~~~~~
                           %ld
'Finished building: ../ALU.c'
' '
'Building target: Lab_2.elf'
'Invoking: ARM v7 gcc linker'
arm-none-eabi-gcc -mcpu=cortex-a9 -mfpu=vfpv3 -mfloat-abi=hard -Wl,-build-id=none -specs=Xilinx.spec -Wl,-T -Wl,../src/lscript.ld -L../../Lab_2_bsp/ps7_cortexa9_0/lib -o "Lab_2.elf"  ./ALU.o   -Wl,--start-group,-lxil,-lgcc,-lc,--end-group
'Finished building target: Lab_2.elf'
' '
'Invoking: ARM v7 Print Size'
arm-none-eabi-size Lab_2.elf  |tee "Lab_2.elf.size"
   text	   data	    bss	    dec	    hex	filename
  71024	   2580	  23328	  96932	  17aa4	Lab_2.elf
'Finished building: Lab_2.elf.size'
' '
11:37:35 **** Auto Build of configuration Debug for project Lab_2 ****
make pre-build main-build 
a9-linaro-pre-build-step
' '
'Building file: ../ALU.c'
'Invoking: ARM v7 gcc compiler'
arm-none-eabi-gcc -Wall -O0 -g3 -c -fmessage-length=0 -MT"ALU.o" -mcpu=cortex-a9 -mfpu=vfpv3 -mfloat-abi=hard -I../../Lab_2_bsp/ps7_cortexa9_0/include -MMD -MP -MF"ALU.d" -MT"ALU.o" -o "ALU.o" "../ALU.c"
../ALU.c: In function 'main':
../ALU.c:44:37: warning: assignment makes integer from pointer without a cast [-Wint-conversion]
  printf("Signed addition: %s\n", (r = 0xEDCDBACD ? "COR" : "ERR"));
                                     ^
../ALU.c:44:28: warning: format '%s' expects argument of type 'char *', but argument 2 has type 'uint32_t {aka long unsigned int}' [-Wformat=]
  printf("Signed addition: %s\n", (r = 0xEDCDBACD ? "COR" : "ERR"));
                           ~^     ~~~~~~~~~~~~~~~~~~~~~~~~~~~~~~~~
                           %ld
../ALU.c:52:39: warning: assignment makes integer from pointer without a cast [-Wint-conversion]
  printf("Unsigned addition: %s\n", (r = 0xFFFFFFFF ? "COR" : "ERR"));
                                       ^
../ALU.c:52:30: warning: format '%s' expects argument of type 'char *', but argument 2 has type 'uint32_t {aka long unsigned int}' [-Wformat=]
  printf("Unsigned addition: %s\n", (r = 0xFFFFFFFF ? "COR" : "ERR"));
                             ~^     ~~~~~~~~~~~~~~~~~~~~~~~~~~~~~~~~
                             %ld
'Finished building: ../ALU.c'
' '
'Building target: Lab_2.elf'
'Invoking: ARM v7 gcc linker'
arm-none-eabi-gcc -mcpu=cortex-a9 -mfpu=vfpv3 -mfloat-abi=hard -Wl,-build-id=none -specs=Xilinx.spec -Wl,-T -Wl,../src/lscript.ld -L../../Lab_2_bsp/ps7_cortexa9_0/lib -o "Lab_2.elf"  ./ALU.o   -Wl,--start-group,-lxil,-lgcc,-lc,--end-group
'Finished building target: Lab_2.elf'
' '
'Invoking: ARM v7 Print Size'
arm-none-eabi-size Lab_2.elf  |tee "Lab_2.elf.size"
   text	   data	    bss	    dec	    hex	filename
  71048	   2580	  23328	  96956	  17abc	Lab_2.elf
'Finished building: Lab_2.elf.size'
' '
11:37:41 **** Auto Build of configuration Debug for project Lab_2 ****
make pre-build main-build 
a9-linaro-pre-build-step
' '
'Building file: ../ALU.c'
'Invoking: ARM v7 gcc compiler'
arm-none-eabi-gcc -Wall -O0 -g3 -c -fmessage-length=0 -MT"ALU.o" -mcpu=cortex-a9 -mfpu=vfpv3 -mfloat-abi=hard -I../../Lab_2_bsp/ps7_cortexa9_0/include -MMD -MP -MF"ALU.d" -MT"ALU.o" -o "ALU.o" "../ALU.c"
'Finished building: ../ALU.c'
' '
'Building target: Lab_2.elf'
'Invoking: ARM v7 gcc linker'
arm-none-eabi-gcc -mcpu=cortex-a9 -mfpu=vfpv3 -mfloat-abi=hard -Wl,-build-id=none -specs=Xilinx.spec -Wl,-T -Wl,../src/lscript.ld -L../../Lab_2_bsp/ps7_cortexa9_0/lib -o "Lab_2.elf"  ./ALU.o   -Wl,--start-group,-lxil,-lgcc,-lc,--end-group
'Finished building target: Lab_2.elf'
' '
'Invoking: ARM v7 Print Size'
arm-none-eabi-size Lab_2.elf  |tee "Lab_2.elf.size"
   text	   data	    bss	    dec	    hex	filename
  71048	   2580	  23328	  96956	  17abc	Lab_2.elf
'Finished building: Lab_2.elf.size'
' '
11:39:19 **** Auto Build of configuration Debug for project Lab_2 ****
make pre-build main-build 
a9-linaro-pre-build-step
' '
'Building file: ../ALU.c'
'Invoking: ARM v7 gcc compiler'
arm-none-eabi-gcc -Wall -O0 -g3 -c -fmessage-length=0 -MT"ALU.o" -mcpu=cortex-a9 -mfpu=vfpv3 -mfloat-abi=hard -I../../Lab_2_bsp/ps7_cortexa9_0/include -MMD -MP -MF"ALU.d" -MT"ALU.o" -o "ALU.o" "../ALU.c"
'Finished building: ../ALU.c'
' '
'Building target: Lab_2.elf'
'Invoking: ARM v7 gcc linker'
arm-none-eabi-gcc -mcpu=cortex-a9 -mfpu=vfpv3 -mfloat-abi=hard -Wl,-build-id=none -specs=Xilinx.spec -Wl,-T -Wl,../src/lscript.ld -L../../Lab_2_bsp/ps7_cortexa9_0/lib -o "Lab_2.elf"  ./ALU.o   -Wl,--start-group,-lxil,-lgcc,-lc,--end-group
'Finished building target: Lab_2.elf'
' '
'Invoking: ARM v7 Print Size'
arm-none-eabi-size Lab_2.elf  |tee "Lab_2.elf.size"
   text	   data	    bss	    dec	    hex	filename
  71352	   2580	  23328	  97260	  17bec	Lab_2.elf
'Finished building: Lab_2.elf.size'
' '
11:39:28 **** Incremental Build of configuration Debug for project Lab_2 ****
make pre-build main-build 
a9-linaro-pre-build-step
' '
make: Nothing to be done for 'main-build'.
11:41:06 **** Auto Build of configuration Debug for project Lab_2 ****
make pre-build main-build 
a9-linaro-pre-build-step
' '
'Building file: ../ALU.c'
'Invoking: ARM v7 gcc compiler'
arm-none-eabi-gcc -Wall -O0 -g3 -c -fmessage-length=0 -MT"ALU.o" -mcpu=cortex-a9 -mfpu=vfpv3 -mfloat-abi=hard -I../../Lab_2_bsp/ps7_cortexa9_0/include -MMD -MP -MF"ALU.d" -MT"ALU.o" -o "ALU.o" "../ALU.c"
'Finished building: ../ALU.c'
' '
'Building target: Lab_2.elf'
'Invoking: ARM v7 gcc linker'
arm-none-eabi-gcc -mcpu=cortex-a9 -mfpu=vfpv3 -mfloat-abi=hard -Wl,-build-id=none -specs=Xilinx.spec -Wl,-T -Wl,../src/lscript.ld -L../../Lab_2_bsp/ps7_cortexa9_0/lib -o "Lab_2.elf"  ./ALU.o   -Wl,--start-group,-lxil,-lgcc,-lc,--end-group
'Finished building target: Lab_2.elf'
' '
'Invoking: ARM v7 Print Size'
arm-none-eabi-size Lab_2.elf  |tee "Lab_2.elf.size"
   text	   data	    bss	    dec	    hex	filename
  71664	   2580	  23328	  97572	  17d24	Lab_2.elf
'Finished building: Lab_2.elf.size'
' '
11:41:23 **** Incremental Build of configuration Debug for project Lab_2 ****
make pre-build main-build 
a9-linaro-pre-build-step
' '
make: Nothing to be done for 'main-build'.
11:41:47 **** Auto Build of configuration Debug for project Lab_2 ****
make pre-build main-build 
a9-linaro-pre-build-step
' '
'Building file: ../ALU.c'
'Invoking: ARM v7 gcc compiler'
arm-none-eabi-gcc -Wall -O0 -g3 -c -fmessage-length=0 -MT"ALU.o" -mcpu=cortex-a9 -mfpu=vfpv3 -mfloat-abi=hard -I../../Lab_2_bsp/ps7_cortexa9_0/include -MMD -MP -MF"ALU.d" -MT"ALU.o" -o "ALU.o" "../ALU.c"
'Finished building: ../ALU.c'
' '
'Building target: Lab_2.elf'
'Invoking: ARM v7 gcc linker'
arm-none-eabi-gcc -mcpu=cortex-a9 -mfpu=vfpv3 -mfloat-abi=hard -Wl,-build-id=none -specs=Xilinx.spec -Wl,-T -Wl,../src/lscript.ld -L../../Lab_2_bsp/ps7_cortexa9_0/lib -o "Lab_2.elf"  ./ALU.o   -Wl,--start-group,-lxil,-lgcc,-lc,--end-group
'Finished building target: Lab_2.elf'
' '
'Invoking: ARM v7 Print Size'
arm-none-eabi-size Lab_2.elf  |tee "Lab_2.elf.size"
   text	   data	    bss	    dec	    hex	filename
  71664	   2580	  23328	  97572	  17d24	Lab_2.elf
'Finished building: Lab_2.elf.size'
' '
11:41:53 **** Incremental Build of configuration Debug for project Lab_2 ****
make pre-build main-build 
a9-linaro-pre-build-step
' '
make: Nothing to be done for 'main-build'.
11:42:24 **** Incremental Build of configuration Debug for project Lab_2 ****
make pre-build main-build 
a9-linaro-pre-build-step
' '
make: Nothing to be done for 'main-build'.
11:42:44 **** Auto Build of configuration Debug for project Lab_2 ****
make pre-build main-build 
a9-linaro-pre-build-step
' '
'Building file: ../ALU.c'
'Invoking: ARM v7 gcc compiler'
arm-none-eabi-gcc -Wall -O0 -g3 -c -fmessage-length=0 -MT"ALU.o" -mcpu=cortex-a9 -mfpu=vfpv3 -mfloat-abi=hard -I../../Lab_2_bsp/ps7_cortexa9_0/include -MMD -MP -MF"ALU.d" -MT"ALU.o" -o "ALU.o" "../ALU.c"
'Finished building: ../ALU.c'
' '
'Building target: Lab_2.elf'
'Invoking: ARM v7 gcc linker'
arm-none-eabi-gcc -mcpu=cortex-a9 -mfpu=vfpv3 -mfloat-abi=hard -Wl,-build-id=none -specs=Xilinx.spec -Wl,-T -Wl,../src/lscript.ld -L../../Lab_2_bsp/ps7_cortexa9_0/lib -o "Lab_2.elf"  ./ALU.o   -Wl,--start-group,-lxil,-lgcc,-lc,--end-group
'Finished building target: Lab_2.elf'
' '
'Invoking: ARM v7 Print Size'
arm-none-eabi-size Lab_2.elf  |tee "Lab_2.elf.size"
   text	   data	    bss	    dec	    hex	filename
  71504	   2580	  23328	  97412	  17c84	Lab_2.elf
'Finished building: Lab_2.elf.size'
' '
11:42:54 **** Incremental Build of configuration Debug for project Lab_2 ****
make pre-build main-build 
a9-linaro-pre-build-step
' '
make: Nothing to be done for 'main-build'.
11:44:05 **** Incremental Build of configuration Debug for project Lab_2 ****
make pre-build main-build 
a9-linaro-pre-build-step
' '
make: Nothing to be done for 'main-build'.
11:45:16 **** Auto Build of configuration Debug for project Lab_2 ****
make pre-build main-build 
a9-linaro-pre-build-step
' '
'Building file: ../ALU.c'
'Invoking: ARM v7 gcc compiler'
arm-none-eabi-gcc -Wall -O0 -g3 -c -fmessage-length=0 -MT"ALU.o" -mcpu=cortex-a9 -mfpu=vfpv3 -mfloat-abi=hard -I../../Lab_2_bsp/ps7_cortexa9_0/include -MMD -MP -MF"ALU.d" -MT"ALU.o" -o "ALU.o" "../ALU.c"
'Finished building: ../ALU.c'
' '
'Building target: Lab_2.elf'
'Invoking: ARM v7 gcc linker'
arm-none-eabi-gcc -mcpu=cortex-a9 -mfpu=vfpv3 -mfloat-abi=hard -Wl,-build-id=none -specs=Xilinx.spec -Wl,-T -Wl,../src/lscript.ld -L../../Lab_2_bsp/ps7_cortexa9_0/lib -o "Lab_2.elf"  ./ALU.o   -Wl,--start-group,-lxil,-lgcc,-lc,--end-group
'Finished building target: Lab_2.elf'
' '
'Invoking: ARM v7 Print Size'
arm-none-eabi-size Lab_2.elf  |tee "Lab_2.elf.size"
   text	   data	    bss	    dec	    hex	filename
  71664	   2580	  23328	  97572	  17d24	Lab_2.elf
'Finished building: Lab_2.elf.size'
' '
11:45:24 **** Incremental Build of configuration Debug for project Lab_2 ****
make pre-build main-build 
a9-linaro-pre-build-step
' '
make: Nothing to be done for 'main-build'.
11:56:53 **** Auto Build of configuration Debug for project Lab_2 ****
make pre-build main-build 
a9-linaro-pre-build-step
' '
'Building file: ../ALU.c'
'Invoking: ARM v7 gcc compiler'
arm-none-eabi-gcc -Wall -O0 -g3 -c -fmessage-length=0 -MT"ALU.o" -mcpu=cortex-a9 -mfpu=vfpv3 -mfloat-abi=hard -I../../Lab_2_bsp/ps7_cortexa9_0/include -MMD -MP -MF"ALU.d" -MT"ALU.o" -o "ALU.o" "../ALU.c"
'Finished building: ../ALU.c'
' '
'Building target: Lab_2.elf'
'Invoking: ARM v7 gcc linker'
arm-none-eabi-gcc -mcpu=cortex-a9 -mfpu=vfpv3 -mfloat-abi=hard -Wl,-build-id=none -specs=Xilinx.spec -Wl,-T -Wl,../src/lscript.ld -L../../Lab_2_bsp/ps7_cortexa9_0/lib -o "Lab_2.elf"  ./ALU.o   -Wl,--start-group,-lxil,-lgcc,-lc,--end-group
'Finished building target: Lab_2.elf'
' '
'Invoking: ARM v7 Print Size'
arm-none-eabi-size Lab_2.elf  |tee "Lab_2.elf.size"
   text	   data	    bss	    dec	    hex	filename
  72128	   2580	  23328	  98036	  17ef4	Lab_2.elf
'Finished building: Lab_2.elf.size'
' '
11:57:01 **** Incremental Build of configuration Debug for project Lab_2 ****
make pre-build main-build 
a9-linaro-pre-build-step
' '
make: Nothing to be done for 'main-build'.
11:57:43 **** Auto Build of configuration Debug for project Lab_2 ****
make pre-build main-build 
a9-linaro-pre-build-step
' '
'Building file: ../ALU.c'
'Invoking: ARM v7 gcc compiler'
arm-none-eabi-gcc -Wall -O0 -g3 -c -fmessage-length=0 -MT"ALU.o" -mcpu=cortex-a9 -mfpu=vfpv3 -mfloat-abi=hard -I../../Lab_2_bsp/ps7_cortexa9_0/include -MMD -MP -MF"ALU.d" -MT"ALU.o" -o "ALU.o" "../ALU.c"
'Finished building: ../ALU.c'
' '
'Building target: Lab_2.elf'
'Invoking: ARM v7 gcc linker'
arm-none-eabi-gcc -mcpu=cortex-a9 -mfpu=vfpv3 -mfloat-abi=hard -Wl,-build-id=none -specs=Xilinx.spec -Wl,-T -Wl,../src/lscript.ld -L../../Lab_2_bsp/ps7_cortexa9_0/lib -o "Lab_2.elf"  ./ALU.o   -Wl,--start-group,-lxil,-lgcc,-lc,--end-group
'Finished building target: Lab_2.elf'
' '
'Invoking: ARM v7 Print Size'
arm-none-eabi-size Lab_2.elf  |tee "Lab_2.elf.size"
   text	   data	    bss	    dec	    hex	filename
  72128	   2580	  23328	  98036	  17ef4	Lab_2.elf
'Finished building: Lab_2.elf.size'
' '
11:57:49 **** Incremental Build of configuration Debug for project Lab_2 ****
make pre-build main-build 
a9-linaro-pre-build-step
' '
make: Nothing to be done for 'main-build'.
11:33:35 **** Incremental Build of configuration Debug for project Lab_2 ****
make pre-build main-build 
a9-linaro-pre-build-step
' '
make: Nothing to be done for 'main-build'.
10:00:12 **** Incremental Build of configuration Debug for project Lab_2 ****
make pre-build main-build 
a9-linaro-pre-build-step
' '
make: Nothing to be done for 'main-build'.
10:01:18 **** Incremental Build of configuration Debug for project Lab_2 ****
make pre-build main-build 
a9-linaro-pre-build-step
' '
make: Nothing to be done for 'main-build'.
11:05:21 **** Incremental Build of configuration Debug for project Lab_2 ****
make pre-build main-build 
a9-linaro-pre-build-step
' '
make: Nothing to be done for 'main-build'.
