14:15:31 **** Incremental Build of configuration Debug for project multiplier ****
make pre-build main-build 
a9-linaro-pre-build-step
' '
'Building file: ../multiplier.c'
'Invoking: ARM v7 gcc compiler'
arm-none-eabi-gcc -Wall -O0 -g3 -c -fmessage-length=0 -MT"multiplier.o" -mcpu=cortex-a9 -mfpu=vfpv3 -mfloat-abi=hard -I../../Lab_3_bsp/ps7_cortexa9_0/include -MMD -MP -MF"multiplier.d" -MT"multiplier.o" -o "multiplier.o" "../multiplier.c"
../multiplier.c: In function 'main':
../multiplier.c:14:12: warning: format '%zu' expects argument of type 'size_t', but argument 2 has type 'uint32_t {aka long unsigned int}' [-Wformat=]
  printf("%zu\t", num1);
          ~~^
          %lu
../multiplier.c:15:12: warning: format '%zu' expects argument of type 'size_t', but argument 2 has type 'uint32_t {aka long unsigned int}' [-Wformat=]
  printf("%zu\n", num2);
          ~~^
          %lu
../multiplier.c:28:12: warning: format '%zu' expects argument of type 'size_t', but argument 2 has type 'uint32_t {aka long unsigned int}' [-Wformat=]
  printf("%zu\t", regmap[0]);
          ~~^     ~~~~~~~~~
          %lu
../multiplier.c:29:12: warning: format '%zu' expects argument of type 'size_t', but argument 2 has type 'uint32_t {aka long unsigned int}' [-Wformat=]
  printf("%zu\t", regmap[1]);
          ~~^     ~~~~~~~~~
          %lu
../multiplier.c:30:12: warning: format '%zu' expects argument of type 'size_t', but argument 2 has type 'uint32_t {aka long unsigned int}' [-Wformat=]
  printf("%zu\n", regmap[2]);
          ~~^     ~~~~~~~~~
          %lu
../multiplier.c:39:12: warning: format '%zu' expects argument of type 'size_t', but argument 2 has type 'uint32_t {aka long unsigned int}' [-Wformat=]
  printf("%zu\t", num1);
          ~~^
          %lu
../multiplier.c:40:12: warning: format '%zu' expects argument of type 'size_t', but argument 2 has type 'uint32_t {aka long unsigned int}' [-Wformat=]
  printf("%zu\n", num2);
          ~~^
          %lu
../multiplier.c:46:6: error: redefinition of 'count'
  int count = 0;
      ^~~~~
../multiplier.c:21:6: note: previous definition of 'count' was here
  int count = 0;
      ^~~~~
../multiplier.c:53:12: warning: format '%zu' expects argument of type 'size_t', but argument 2 has type 'uint32_t {aka long unsigned int}' [-Wformat=]
  printf("%zu\t", regmap[0]);
          ~~^     ~~~~~~~~~
          %lu
../multiplier.c:54:12: warning: format '%zu' expects argument of type 'size_t', but argument 2 has type 'uint32_t {aka long unsigned int}' [-Wformat=]
  printf("%zu\t", regmap[1]);
          ~~^     ~~~~~~~~~
          %lu
../multiplier.c:55:12: warning: format '%zu' expects argument of type 'size_t', but argument 2 has type 'uint32_t {aka long unsigned int}' [-Wformat=]
  printf("%zu\n", regmap[2]);
          ~~^     ~~~~~~~~~
          %lu
../multiplier.c:64:12: warning: format '%zu' expects argument of type 'size_t', but argument 2 has type 'uint32_t {aka long unsigned int}' [-Wformat=]
  printf("%zu\t", num1);
          ~~^
          %lu
../multiplier.c:65:12: warning: format '%zu' expects argument of type 'size_t', but argument 2 has type 'uint32_t {aka long unsigned int}' [-Wformat=]
  printf("%zu\n", num2);
          ~~^
          %lu
../multiplier.c:71:6: error: redefinition of 'count'
  int count = 0;
      ^~~~~
../multiplier.c:46:6: note: previous definition of 'count' was here
  int count = 0;
      ^~~~~
../multiplier.c:78:12: warning: format '%zu' expects argument of type 'size_t', but argument 2 has type 'uint32_t {aka long unsigned int}' [-Wformat=]
  printf("%zu\t", regmap[0]);
          ~~^     ~~~~~~~~~
          %lu
../multiplier.c:79:12: warning: format '%zu' expects argument of type 'size_t', but argument 2 has type 'uint32_t {aka long unsigned int}' [-Wformat=]
  printf("%zu\t", regmap[1]);
          ~~^     ~~~~~~~~~
          %lu
../multiplier.c:80:12: warning: format '%zu' expects argument of type 'size_t', but argument 2 has type 'uint32_t {aka long unsigned int}' [-Wformat=]
  printf("%zu\n", regmap[2]);
          ~~^     ~~~~~~~~~
          %lu
make: *** [subdir.mk:20: multiplier.o] Error 1
14:17:27 **** Incremental Build of configuration Debug for project multiplier ****
make pre-build main-build 
a9-linaro-pre-build-step
' '
'Building file: ../multiplier.c'
'Invoking: ARM v7 gcc compiler'
arm-none-eabi-gcc -Wall -O0 -g3 -c -fmessage-length=0 -MT"multiplier.o" -mcpu=cortex-a9 -mfpu=vfpv3 -mfloat-abi=hard -I../../Lab_3_bsp/ps7_cortexa9_0/include -MMD -MP -MF"multiplier.d" -MT"multiplier.o" -o "multiplier.o" "../multiplier.c"
../multiplier.c: In function 'main':
../multiplier.c:14:12: warning: format '%zu' expects argument of type 'size_t', but argument 2 has type 'uint32_t {aka long unsigned int}' [-Wformat=]
  printf("%zu\t", num1);
          ~~^
          %lu
../multiplier.c:15:12: warning: format '%zu' expects argument of type 'size_t', but argument 2 has type 'uint32_t {aka long unsigned int}' [-Wformat=]
  printf("%zu\n", num2);
          ~~^
          %lu
../multiplier.c:28:12: warning: format '%zu' expects argument of type 'size_t', but argument 2 has type 'uint32_t {aka long unsigned int}' [-Wformat=]
  printf("%zu\t", regmap[0]);
          ~~^     ~~~~~~~~~
          %lu
../multiplier.c:29:12: warning: format '%zu' expects argument of type 'size_t', but argument 2 has type 'uint32_t {aka long unsigned int}' [-Wformat=]
  printf("%zu\t", regmap[1]);
          ~~^     ~~~~~~~~~
          %lu
../multiplier.c:30:12: warning: format '%zu' expects argument of type 'size_t', but argument 2 has type 'uint32_t {aka long unsigned int}' [-Wformat=]
  printf("%zu\n", regmap[2]);
          ~~^     ~~~~~~~~~
          %lu
../multiplier.c:39:12: warning: format '%zu' expects argument of type 'size_t', but argument 2 has type 'uint32_t {aka long unsigned int}' [-Wformat=]
  printf("%zu\t", num1);
          ~~^
          %lu
../multiplier.c:40:12: warning: format '%zu' expects argument of type 'size_t', but argument 2 has type 'uint32_t {aka long unsigned int}' [-Wformat=]
  printf("%zu\n", num2);
          ~~^
          %lu
../multiplier.c:46:6: error: redefinition of 'count'
  int count = 0;
      ^~~~~
../multiplier.c:21:6: note: previous definition of 'count' was here
  int count = 0;
      ^~~~~
../multiplier.c:53:12: warning: format '%zu' expects argument of type 'size_t', but argument 2 has type 'uint32_t {aka long unsigned int}' [-Wformat=]
  printf("%zu\t", regmap[0]);
          ~~^     ~~~~~~~~~
          %lu
../multiplier.c:54:12: warning: format '%zu' expects argument of type 'size_t', but argument 2 has type 'uint32_t {aka long unsigned int}' [-Wformat=]
  printf("%zu\t", regmap[1]);
          ~~^     ~~~~~~~~~
          %lu
../multiplier.c:55:12: warning: format '%zu' expects argument of type 'size_t', but argument 2 has type 'uint32_t {aka long unsigned int}' [-Wformat=]
  printf("%zu\n", regmap[2]);
          ~~^     ~~~~~~~~~
          %lu
../multiplier.c:64:12: warning: format '%zu' expects argument of type 'size_t', but argument 2 has type 'uint32_t {aka long unsigned int}' [-Wformat=]
  printf("%zu\t", num1);
          ~~^
          %lu
../multiplier.c:65:12: warning: format '%zu' expects argument of type 'size_t', but argument 2 has type 'uint32_t {aka long unsigned int}' [-Wformat=]
  printf("%zu\n", num2);
          ~~^
          %lu
../multiplier.c:71:6: error: redefinition of 'count'
  int count = 0;
      ^~~~~
../multiplier.c:46:6: note: previous definition of 'count' was here
  int count = 0;
      ^~~~~
../multiplier.c:78:12: warning: format '%zu' expects argument of type 'size_t', but argument 2 has type 'uint32_t {aka long unsigned int}' [-Wformat=]
  printf("%zu\t", regmap[0]);
          ~~^     ~~~~~~~~~
          %lu
../multiplier.c:79:12: warning: format '%zu' expects argument of type 'size_t', but argument 2 has type 'uint32_t {aka long unsigned int}' [-Wformat=]
  printf("%zu\t", regmap[1]);
          ~~^     ~~~~~~~~~
          %lu
../multiplier.c:80:12: warning: format '%zu' expects argument of type 'size_t', but argument 2 has type 'uint32_t {aka long unsigned int}' [-Wformat=]
  printf("%zu\n", regmap[2]);
          ~~^     ~~~~~~~~~
          %lu
make: *** [subdir.mk:20: multiplier.o] Error 1
14:18:09 **** Auto Build of configuration Debug for project multiplier ****
make pre-build main-build 
a9-linaro-pre-build-step
' '
'Building file: ../multiplier.c'
'Invoking: ARM v7 gcc compiler'
arm-none-eabi-gcc -Wall -O0 -g3 -c -fmessage-length=0 -MT"multiplier.o" -mcpu=cortex-a9 -mfpu=vfpv3 -mfloat-abi=hard -I../../Lab_3_bsp/ps7_cortexa9_0/include -MMD -MP -MF"multiplier.d" -MT"multiplier.o" -o "multiplier.o" "../multiplier.c"
../multiplier.c: In function 'main':
../multiplier.c:14:12: warning: format '%zu' expects argument of type 'size_t', but argument 2 has type 'uint32_t {aka long unsigned int}' [-Wformat=]
  printf("%zu\t", num1);
          ~~^
          %lu
../multiplier.c:15:12: warning: format '%zu' expects argument of type 'size_t', but argument 2 has type 'uint32_t {aka long unsigned int}' [-Wformat=]
  printf("%zu\n", num2);
          ~~^
          %lu
../multiplier.c:28:12: warning: format '%zu' expects argument of type 'size_t', but argument 2 has type 'uint32_t {aka long unsigned int}' [-Wformat=]
  printf("%zu\t", regmap[0]);
          ~~^     ~~~~~~~~~
          %lu
../multiplier.c:29:12: warning: format '%zu' expects argument of type 'size_t', but argument 2 has type 'uint32_t {aka long unsigned int}' [-Wformat=]
  printf("%zu\t", regmap[1]);
          ~~^     ~~~~~~~~~
          %lu
../multiplier.c:30:12: warning: format '%zu' expects argument of type 'size_t', but argument 2 has type 'uint32_t {aka long unsigned int}' [-Wformat=]
  printf("%zu\n", regmap[2]);
          ~~^     ~~~~~~~~~
          %lu
../multiplier.c:39:12: warning: format '%zu' expects argument of type 'size_t', but argument 2 has type 'uint32_t {aka long unsigned int}' [-Wformat=]
  printf("%zu\t", num1);
          ~~^
          %lu
../multiplier.c:40:12: warning: format '%zu' expects argument of type 'size_t', but argument 2 has type 'uint32_t {aka long unsigned int}' [-Wformat=]
  printf("%zu\n", num2);
          ~~^
          %lu
../multiplier.c:53:12: warning: format '%zu' expects argument of type 'size_t', but argument 2 has type 'uint32_t {aka long unsigned int}' [-Wformat=]
  printf("%zu\t", regmap[0]);
          ~~^     ~~~~~~~~~
          %lu
../multiplier.c:54:12: warning: format '%zu' expects argument of type 'size_t', but argument 2 has type 'uint32_t {aka long unsigned int}' [-Wformat=]
  printf("%zu\t", regmap[1]);
          ~~^     ~~~~~~~~~
          %lu
../multiplier.c:55:12: warning: format '%zu' expects argument of type 'size_t', but argument 2 has type 'uint32_t {aka long unsigned int}' [-Wformat=]
  printf("%zu\n", regmap[2]);
          ~~^     ~~~~~~~~~
          %lu
../multiplier.c:64:12: warning: format '%zu' expects argument of type 'size_t', but argument 2 has type 'uint32_t {aka long unsigned int}' [-Wformat=]
  printf("%zu\t", num1);
          ~~^
          %lu
../multiplier.c:65:12: warning: format '%zu' expects argument of type 'size_t', but argument 2 has type 'uint32_t {aka long unsigned int}' [-Wformat=]
  printf("%zu\n", num2);
          ~~^
          %lu
../multiplier.c:78:12: warning: format '%zu' expects argument of type 'size_t', but argument 2 has type 'uint32_t {aka long unsigned int}' [-Wformat=]
  printf("%zu\t", regmap[0]);
          ~~^     ~~~~~~~~~
          %lu
../multiplier.c:79:12: warning: format '%zu' expects argument of type 'size_t', but argument 2 has type 'uint32_t {aka long unsigned int}' [-Wformat=]
  printf("%zu\t", regmap[1]);
          ~~^     ~~~~~~~~~
          %lu
../multiplier.c:80:12: warning: format '%zu' expects argument of type 'size_t', but argument 2 has type 'uint32_t {aka long unsigned int}' [-Wformat=]
  printf("%zu\n", regmap[2]);
          ~~^     ~~~~~~~~~
          %lu
'Finished building: ../multiplier.c'
' '
'Building target: multiplier.elf'
'Invoking: ARM v7 gcc linker'
arm-none-eabi-gcc -mcpu=cortex-a9 -mfpu=vfpv3 -mfloat-abi=hard -Wl,-build-id=none -specs=Xilinx.spec -Wl,-T -Wl,../src/lscript.ld -L../../Lab_3_bsp/ps7_cortexa9_0/lib -o "multiplier.elf"  ./multiplier.o   -Wl,--start-group,-lxil,-lgcc,-lc,--end-group
'Finished building target: multiplier.elf'
' '
'Invoking: ARM v7 Print Size'
arm-none-eabi-size multiplier.elf  |tee "multiplier.elf.size"
   text	   data	    bss	    dec	    hex	filename
  71316	   2580	  23328	  97224	  17bc8	multiplier.elf
'Finished building: multiplier.elf.size'
' '
14:18:20 **** Incremental Build of configuration Debug for project multiplier ****
make pre-build main-build 
a9-linaro-pre-build-step
' '
make: Nothing to be done for 'main-build'.
14:18:51 **** Auto Build of configuration Debug for project multiplier ****
make pre-build main-build 
a9-linaro-pre-build-step
' '
'Building file: ../multiplier.c'
'Invoking: ARM v7 gcc compiler'
arm-none-eabi-gcc -Wall -O0 -g3 -c -fmessage-length=0 -MT"multiplier.o" -mcpu=cortex-a9 -mfpu=vfpv3 -mfloat-abi=hard -I../../Lab_3_bsp/ps7_cortexa9_0/include -MMD -MP -MF"multiplier.d" -MT"multiplier.o" -o "multiplier.o" "../multiplier.c"
../multiplier.c: In function 'main':
../multiplier.c:14:12: warning: format '%zu' expects argument of type 'size_t', but argument 2 has type 'uint32_t {aka long unsigned int}' [-Wformat=]
  printf("%zu\t", num1);
          ~~^
          %lu
../multiplier.c:15:12: warning: format '%zu' expects argument of type 'size_t', but argument 2 has type 'uint32_t {aka long unsigned int}' [-Wformat=]
  printf("%zu\n", num2);
          ~~^
          %lu
../multiplier.c:28:12: warning: format '%zu' expects argument of type 'size_t', but argument 2 has type 'uint32_t {aka long unsigned int}' [-Wformat=]
  printf("%zu\t", regmap[0]);
          ~~^     ~~~~~~~~~
          %lu
../multiplier.c:29:12: warning: format '%zu' expects argument of type 'size_t', but argument 2 has type 'uint32_t {aka long unsigned int}' [-Wformat=]
  printf("%zu\t", regmap[1]);
          ~~^     ~~~~~~~~~
          %lu
../multiplier.c:30:12: warning: format '%zu' expects argument of type 'size_t', but argument 2 has type 'uint32_t {aka long unsigned int}' [-Wformat=]
  printf("%zu\n", regmap[2]);
          ~~^     ~~~~~~~~~
          %lu
../multiplier.c:39:12: warning: format '%zu' expects argument of type 'size_t', but argument 2 has type 'uint32_t {aka long unsigned int}' [-Wformat=]
  printf("%zu\t", num1);
          ~~^
          %lu
../multiplier.c:40:12: warning: format '%zu' expects argument of type 'size_t', but argument 2 has type 'uint32_t {aka long unsigned int}' [-Wformat=]
  printf("%zu\n", num2);
          ~~^
          %lu
../multiplier.c:53:12: warning: format '%zu' expects argument of type 'size_t', but argument 2 has type 'uint32_t {aka long unsigned int}' [-Wformat=]
  printf("%zu\t", regmap[0]);
          ~~^     ~~~~~~~~~
          %lu
../multiplier.c:54:12: warning: format '%zu' expects argument of type 'size_t', but argument 2 has type 'uint32_t {aka long unsigned int}' [-Wformat=]
  printf("%zu\t", regmap[1]);
          ~~^     ~~~~~~~~~
          %lu
../multiplier.c:55:12: warning: format '%zu' expects argument of type 'size_t', but argument 2 has type 'uint32_t {aka long unsigned int}' [-Wformat=]
  printf("%zu\n", regmap[2]);
          ~~^     ~~~~~~~~~
          %lu
../multiplier.c:64:12: warning: format '%zu' expects argument of type 'size_t', but argument 2 has type 'uint32_t {aka long unsigned int}' [-Wformat=]
  printf("%zu\t", num1);
          ~~^
          %lu
../multiplier.c:65:12: warning: format '%zu' expects argument of type 'size_t', but argument 2 has type 'uint32_t {aka long unsigned int}' [-Wformat=]
  printf("%zu\n", num2);
          ~~^
          %lu
../multiplier.c:78:12: warning: format '%zu' expects argument of type 'size_t', but argument 2 has type 'uint32_t {aka long unsigned int}' [-Wformat=]
  printf("%zu\t", regmap[0]);
          ~~^     ~~~~~~~~~
          %lu
../multiplier.c:79:12: warning: format '%zu' expects argument of type 'size_t', but argument 2 has type 'uint32_t {aka long unsigned int}' [-Wformat=]
  printf("%zu\t", regmap[1]);
          ~~^     ~~~~~~~~~
          %lu
../multiplier.c:80:12: warning: format '%zu' expects argument of type 'size_t', but argument 2 has type 'uint32_t {aka long unsigned int}' [-Wformat=]
  printf("%zu\n", regmap[2]);
          ~~^     ~~~~~~~~~
          %lu
'Finished building: ../multiplier.c'
' '
'Building target: multiplier.elf'
'Invoking: ARM v7 gcc linker'
arm-none-eabi-gcc -mcpu=cortex-a9 -mfpu=vfpv3 -mfloat-abi=hard -Wl,-build-id=none -specs=Xilinx.spec -Wl,-T -Wl,../src/lscript.ld -L../../Lab_3_bsp/ps7_cortexa9_0/lib -o "multiplier.elf"  ./multiplier.o   -Wl,--start-group,-lxil,-lgcc,-lc,--end-group
'Finished building target: multiplier.elf'
' '
'Invoking: ARM v7 Print Size'
arm-none-eabi-size multiplier.elf  |tee "multiplier.elf.size"
   text	   data	    bss	    dec	    hex	filename
  71300	   2580	  23328	  97208	  17bb8	multiplier.elf
'Finished building: multiplier.elf.size'
' '
15:40:00 **** Incremental Build of configuration Debug for project multiplier ****
make pre-build main-build 
a9-linaro-pre-build-step
' '
make: Nothing to be done for 'main-build'.
15:40:49 **** Incremental Build of configuration Debug for project multiplier ****
make pre-build main-build 
a9-linaro-pre-build-step
' '
make: Nothing to be done for 'main-build'.
11:18:20 **** Incremental Build of configuration Debug for project multiplier ****
make pre-build main-build 
a9-linaro-pre-build-step
' '
make: Nothing to be done for 'main-build'.
